[0.762s] Invoking command in '/workspace/src/drone_bringup': AMENT_PREFIX_PATH=/workspace/install/rf2o_laser_odometry:/workspace/install/lidar_preprocessing:${AMENT_PREFIX_PATH} CMAKE_PREFIX_PATH=/workspace/install/rf2o_laser_odometry:/workspace/install/lidar_preprocessing PYTHONPATH=/workspace/build/drone_bringup/prefix_override:/usr/lib/python3/dist-packages/colcon_core/task/python/colcon_distutils_commands:/workspace/install/drone_bringup/lib/python3.10/site-packages:${PYTHONPATH} /usr/bin/python3 -W ignore:setup.py install is deprecated -W ignore:easy_install command is deprecated setup.py egg_info --egg-base ../../build/drone_bringup build --build-base /workspace/build/drone_bringup/build install --record /workspace/build/drone_bringup/install.log --install-scripts $base/lib/drone_bringup --single-version-externally-managed install_data
[0.944s] running egg_info
[0.953s] writing ../../build/drone_bringup/drone_bringup.egg-info/PKG-INFO
[0.955s] writing dependency_links to ../../build/drone_bringup/drone_bringup.egg-info/dependency_links.txt
[0.955s] writing requirements to ../../build/drone_bringup/drone_bringup.egg-info/requires.txt
[0.955s] writing top-level names to ../../build/drone_bringup/drone_bringup.egg-info/top_level.txt
[0.976s] reading manifest file '../../build/drone_bringup/drone_bringup.egg-info/SOURCES.txt'
[0.978s] writing manifest file '../../build/drone_bringup/drone_bringup.egg-info/SOURCES.txt'
[0.978s] running build
[0.978s] running build_py
[0.978s] running install
[0.981s] running install_lib
[0.992s] running install_data
[0.993s] copying launch/drone_bringup.launch.py -> /workspace/install/drone_bringup/share/drone_bringup/launch
[0.993s] copying config/mavros_config.yaml -> /workspace/install/drone_bringup/share/drone_bringup/config
[0.993s] running install_egg_info
[1.004s] removing '/workspace/install/drone_bringup/lib/python3.10/site-packages/drone_bringup-0.0.0-py3.10.egg-info' (and everything under it)
[1.006s] Copying ../../build/drone_bringup/drone_bringup.egg-info to /workspace/install/drone_bringup/lib/python3.10/site-packages/drone_bringup-0.0.0-py3.10.egg-info
[1.007s] running install_scripts
[1.028s] writing list of installed files to '/workspace/build/drone_bringup/install.log'
[1.051s] Invoked command in '/workspace/src/drone_bringup' returned '0': AMENT_PREFIX_PATH=/workspace/install/rf2o_laser_odometry:/workspace/install/lidar_preprocessing:${AMENT_PREFIX_PATH} CMAKE_PREFIX_PATH=/workspace/install/rf2o_laser_odometry:/workspace/install/lidar_preprocessing PYTHONPATH=/workspace/build/drone_bringup/prefix_override:/usr/lib/python3/dist-packages/colcon_core/task/python/colcon_distutils_commands:/workspace/install/drone_bringup/lib/python3.10/site-packages:${PYTHONPATH} /usr/bin/python3 -W ignore:setup.py install is deprecated -W ignore:easy_install command is deprecated setup.py egg_info --egg-base ../../build/drone_bringup build --build-base /workspace/build/drone_bringup/build install --record /workspace/build/drone_bringup/install.log --install-scripts $base/lib/drone_bringup --single-version-externally-managed install_data
