running egg_info
creating ../../build/drone_bringup/drone_bringup.egg-info
writing ../../build/drone_bringup/drone_bringup.egg-info/PKG-INFO
writing dependency_links to ../../build/drone_bringup/drone_bringup.egg-info/dependency_links.txt
writing entry points to ../../build/drone_bringup/drone_bringup.egg-info/entry_points.txt
writing requirements to ../../build/drone_bringup/drone_bringup.egg-info/requires.txt
writing top-level names to ../../build/drone_bringup/drone_bringup.egg-info/top_level.txt
writing manifest file '../../build/drone_bringup/drone_bringup.egg-info/SOURCES.txt'
reading manifest file '../../build/drone_bringup/drone_bringup.egg-info/SOURCES.txt'
writing manifest file '../../build/drone_bringup/drone_bringup.egg-info/SOURCES.txt'
running build
running build_py
creating /workspace/build/drone_bringup/build/lib/drone_bringup
copying drone_bringup/__init__.py -> /workspace/build/drone_bringup/build/lib/drone_bringup
copying drone_bringup/rangefinder_converter.py -> /workspace/build/drone_bringup/build/lib/drone_bringup
running install
running install_lib
creating /workspace/install/drone_bringup/lib/python3.10/site-packages/drone_bringup
copying /workspace/build/drone_bringup/build/lib/drone_bringup/__init__.py -> /workspace/install/drone_bringup/lib/python3.10/site-packages/drone_bringup
copying /workspace/build/drone_bringup/build/lib/drone_bringup/rangefinder_converter.py -> /workspace/install/drone_bringup/lib/python3.10/site-packages/drone_bringup
byte-compiling /workspace/install/drone_bringup/lib/python3.10/site-packages/drone_bringup/__init__.py to __init__.cpython-310.pyc
byte-compiling /workspace/install/drone_bringup/lib/python3.10/site-packages/drone_bringup/rangefinder_converter.py to rangefinder_converter.cpython-310.pyc
running install_data
creating /workspace/install/drone_bringup/share/ament_index/resource_index/packages
copying resource/drone_bringup -> /workspace/install/drone_bringup/share/ament_index/resource_index/packages
copying package.xml -> /workspace/install/drone_bringup/share/drone_bringup
creating /workspace/install/drone_bringup/share/drone_bringup/launch
copying launch/drone_bringup.launch.py -> /workspace/install/drone_bringup/share/drone_bringup/launch
creating /workspace/install/drone_bringup/share/drone_bringup/config
copying config/apm_pluginlists.yaml -> /workspace/install/drone_bringup/share/drone_bringup/config
copying config/bridge.yaml -> /workspace/install/drone_bringup/share/drone_bringup/config
copying config/mavros_config.yaml -> /workspace/install/drone_bringup/share/drone_bringup/config
running install_egg_info
Copying ../../build/drone_bringup/drone_bringup.egg-info to /workspace/install/drone_bringup/lib/python3.10/site-packages/drone_bringup-0.0.0-py3.10.egg-info
running install_scripts
Installing rangefinder_converter script to /workspace/install/drone_bringup/lib/drone_bringup
writing list of installed files to '/workspace/build/drone_bringup/install.log'
