[0.327s] Invoking command in '/workspace/src/drone_bringup': PYTHONPATH=/workspace/build/drone_bringup/prefix_override:/usr/lib/python3/dist-packages/colcon_core/task/python/colcon_distutils_commands:/workspace/install/drone_bringup/lib/python3.10/site-packages:${PYTHONPATH} /usr/bin/python3 -W ignore:setup.py install is deprecated -W ignore:easy_install command is deprecated setup.py egg_info --egg-base ../../build/drone_bringup build --build-base /workspace/build/drone_bringup/build install --record /workspace/build/drone_bringup/install.log --install-scripts $base/lib/drone_bringup --single-version-externally-managed install_data
[0.448s] running egg_info
[0.454s] creating ../../build/drone_bringup/drone_bringup.egg-info
[0.454s] writing ../../build/drone_bringup/drone_bringup.egg-info/PKG-INFO
[0.454s] writing dependency_links to ../../build/drone_bringup/drone_bringup.egg-info/dependency_links.txt
[0.455s] writing entry points to ../../build/drone_bringup/drone_bringup.egg-info/entry_points.txt
[0.455s] writing requirements to ../../build/drone_bringup/drone_bringup.egg-info/requires.txt
[0.455s] writing top-level names to ../../build/drone_bringup/drone_bringup.egg-info/top_level.txt
[0.455s] writing manifest file '../../build/drone_bringup/drone_bringup.egg-info/SOURCES.txt'
[0.468s] reading manifest file '../../build/drone_bringup/drone_bringup.egg-info/SOURCES.txt'
[0.468s] writing manifest file '../../build/drone_bringup/drone_bringup.egg-info/SOURCES.txt'
[0.469s] running build
[0.469s] running build_py
[0.469s] creating /workspace/build/drone_bringup/build/lib/drone_bringup
[0.469s] copying drone_bringup/__init__.py -> /workspace/build/drone_bringup/build/lib/drone_bringup
[0.469s] copying drone_bringup/rangefinder_converter.py -> /workspace/build/drone_bringup/build/lib/drone_bringup
[0.469s] running install
[0.471s] running install_lib
[0.477s] creating /workspace/install/drone_bringup/lib/python3.10/site-packages/drone_bringup
[0.477s] copying /workspace/build/drone_bringup/build/lib/drone_bringup/__init__.py -> /workspace/install/drone_bringup/lib/python3.10/site-packages/drone_bringup
[0.477s] copying /workspace/build/drone_bringup/build/lib/drone_bringup/rangefinder_converter.py -> /workspace/install/drone_bringup/lib/python3.10/site-packages/drone_bringup
[0.477s] byte-compiling /workspace/install/drone_bringup/lib/python3.10/site-packages/drone_bringup/__init__.py to __init__.cpython-310.pyc
[0.477s] byte-compiling /workspace/install/drone_bringup/lib/python3.10/site-packages/drone_bringup/rangefinder_converter.py to rangefinder_converter.cpython-310.pyc
[0.478s] running install_data
[0.478s] creating /workspace/install/drone_bringup/share/ament_index/resource_index/packages
[0.478s] copying resource/drone_bringup -> /workspace/install/drone_bringup/share/ament_index/resource_index/packages
[0.478s] copying package.xml -> /workspace/install/drone_bringup/share/drone_bringup
[0.478s] creating /workspace/install/drone_bringup/share/drone_bringup/launch
[0.478s] copying launch/drone_bringup.launch.py -> /workspace/install/drone_bringup/share/drone_bringup/launch
[0.478s] creating /workspace/install/drone_bringup/share/drone_bringup/config
[0.478s] copying config/apm_pluginlists.yaml -> /workspace/install/drone_bringup/share/drone_bringup/config
[0.478s] copying config/bridge.yaml -> /workspace/install/drone_bringup/share/drone_bringup/config
[0.478s] copying config/mavros_config.yaml -> /workspace/install/drone_bringup/share/drone_bringup/config
[0.478s] running install_egg_info
[0.485s] Copying ../../build/drone_bringup/drone_bringup.egg-info to /workspace/install/drone_bringup/lib/python3.10/site-packages/drone_bringup-0.0.0-py3.10.egg-info
[0.486s] running install_scripts
[0.499s] Installing rangefinder_converter script to /workspace/install/drone_bringup/lib/drone_bringup
[0.499s] writing list of installed files to '/workspace/build/drone_bringup/install.log'
[0.512s] Invoked command in '/workspace/src/drone_bringup' returned '0': PYTHONPATH=/workspace/build/drone_bringup/prefix_override:/usr/lib/python3/dist-packages/colcon_core/task/python/colcon_distutils_commands:/workspace/install/drone_bringup/lib/python3.10/site-packages:${PYTHONPATH} /usr/bin/python3 -W ignore:setup.py install is deprecated -W ignore:easy_install command is deprecated setup.py egg_info --egg-base ../../build/drone_bringup build --build-base /workspace/build/drone_bringup/build install --record /workspace/build/drone_bringup/install.log --install-scripts $base/lib/drone_bringup --single-version-externally-managed install_data
