[0.451s] Invoking command in '/workspace/src/lidar_tilt_compensator': PYTHONPATH=/workspace/build/lidar_tilt_compensator/prefix_override:/usr/lib/python3/dist-packages/colcon_core/task/python/colcon_distutils_commands:/workspace/install/lidar_tilt_compensator/lib/python3.10/site-packages:${PYTHONPATH} /usr/bin/python3 -W ignore:setup.py install is deprecated -W ignore:easy_install command is deprecated setup.py egg_info --egg-base ../../build/lidar_tilt_compensator build --build-base /workspace/build/lidar_tilt_compensator/build install --record /workspace/build/lidar_tilt_compensator/install.log --install-scripts $base/lib/lidar_tilt_compensator --single-version-externally-managed install_data
[0.577s] running egg_info
[0.583s] writing ../../build/lidar_tilt_compensator/lidar_tilt_compensator.egg-info/PKG-INFO
[0.584s] writing dependency_links to ../../build/lidar_tilt_compensator/lidar_tilt_compensator.egg-info/dependency_links.txt
[0.584s] writing entry points to ../../build/lidar_tilt_compensator/lidar_tilt_compensator.egg-info/entry_points.txt
[0.584s] writing requirements to ../../build/lidar_tilt_compensator/lidar_tilt_compensator.egg-info/requires.txt
[0.584s] writing top-level names to ../../build/lidar_tilt_compensator/lidar_tilt_compensator.egg-info/top_level.txt
[0.598s] reading manifest file '../../build/lidar_tilt_compensator/lidar_tilt_compensator.egg-info/SOURCES.txt'
[0.598s] writing manifest file '../../build/lidar_tilt_compensator/lidar_tilt_compensator.egg-info/SOURCES.txt'
[0.598s] running build
[0.598s] running build_py
[0.599s] running install
[0.601s] running install_lib
[0.608s] running install_data
[0.608s] running install_egg_info
[0.615s] removing '/workspace/install/lidar_tilt_compensator/lib/python3.10/site-packages/lidar_tilt_compensator-0.0.0-py3.10.egg-info' (and everything under it)
[0.616s] Copying ../../build/lidar_tilt_compensator/lidar_tilt_compensator.egg-info to /workspace/install/lidar_tilt_compensator/lib/python3.10/site-packages/lidar_tilt_compensator-0.0.0-py3.10.egg-info
[0.616s] running install_scripts
[0.630s] Installing scan_to_cloud_node script to /workspace/install/lidar_tilt_compensator/lib/lidar_tilt_compensator
[0.630s] writing list of installed files to '/workspace/build/lidar_tilt_compensator/install.log'
[0.646s] Invoked command in '/workspace/src/lidar_tilt_compensator' returned '0': PYTHONPATH=/workspace/build/lidar_tilt_compensator/prefix_override:/usr/lib/python3/dist-packages/colcon_core/task/python/colcon_distutils_commands:/workspace/install/lidar_tilt_compensator/lib/python3.10/site-packages:${PYTHONPATH} /usr/bin/python3 -W ignore:setup.py install is deprecated -W ignore:easy_install command is deprecated setup.py egg_info --egg-base ../../build/lidar_tilt_compensator build --build-base /workspace/build/lidar_tilt_compensator/build install --record /workspace/build/lidar_tilt_compensator/install.log --install-scripts $base/lib/lidar_tilt_compensator --single-version-externally-managed install_data
