[0.495s] Invoking command in '/workspace/src/fcu_tf_bridge': PYTHONPATH=/workspace/build/fcu_tf_bridge/prefix_override:/usr/lib/python3/dist-packages/colcon_core/task/python/colcon_distutils_commands:/workspace/install/fcu_tf_bridge/lib/python3.10/site-packages:${PYTHONPATH} /usr/bin/python3 -W ignore:setup.py install is deprecated -W ignore:easy_install command is deprecated setup.py egg_info --egg-base ../../build/fcu_tf_bridge build --build-base /workspace/build/fcu_tf_bridge/build install --record /workspace/build/fcu_tf_bridge/install.log --install-scripts $base/lib/fcu_tf_bridge --single-version-externally-managed install_data
[0.626s] running egg_info
[0.633s] writing ../../build/fcu_tf_bridge/fcu_tf_bridge.egg-info/PKG-INFO
[0.633s] writing dependency_links to ../../build/fcu_tf_bridge/fcu_tf_bridge.egg-info/dependency_links.txt
[0.633s] writing entry points to ../../build/fcu_tf_bridge/fcu_tf_bridge.egg-info/entry_points.txt
[0.633s] writing requirements to ../../build/fcu_tf_bridge/fcu_tf_bridge.egg-info/requires.txt
[0.633s] writing top-level names to ../../build/fcu_tf_bridge/fcu_tf_bridge.egg-info/top_level.txt
[0.648s] reading manifest file '../../build/fcu_tf_bridge/fcu_tf_bridge.egg-info/SOURCES.txt'
[0.649s] writing manifest file '../../build/fcu_tf_bridge/fcu_tf_bridge.egg-info/SOURCES.txt'
[0.649s] running build
[0.649s] running build_py
[0.649s] running install
[0.651s] running install_lib
[0.658s] running install_data
[0.658s] running install_egg_info
[0.666s] removing '/workspace/install/fcu_tf_bridge/lib/python3.10/site-packages/fcu_tf_bridge-0.0.0-py3.10.egg-info' (and everything under it)
[0.666s] Copying ../../build/fcu_tf_bridge/fcu_tf_bridge.egg-info to /workspace/install/fcu_tf_bridge/lib/python3.10/site-packages/fcu_tf_bridge-0.0.0-py3.10.egg-info
[0.667s] running install_scripts
[0.681s] Installing fcu_tf_bridge_node script to /workspace/install/fcu_tf_bridge/lib/fcu_tf_bridge
[0.681s] writing list of installed files to '/workspace/build/fcu_tf_bridge/install.log'
[0.695s] Invoked command in '/workspace/src/fcu_tf_bridge' returned '0': PYTHONPATH=/workspace/build/fcu_tf_bridge/prefix_override:/usr/lib/python3/dist-packages/colcon_core/task/python/colcon_distutils_commands:/workspace/install/fcu_tf_bridge/lib/python3.10/site-packages:${PYTHONPATH} /usr/bin/python3 -W ignore:setup.py install is deprecated -W ignore:easy_install command is deprecated setup.py egg_info --egg-base ../../build/fcu_tf_bridge build --build-base /workspace/build/fcu_tf_bridge/build install --record /workspace/build/fcu_tf_bridge/install.log --install-scripts $base/lib/fcu_tf_bridge --single-version-externally-managed install_data
