[0.563s] Invoking command in '/workspace/src/drone_bringup': AMENT_PREFIX_PATH=/workspace/install/rf2o_laser_odometry:/workspace/install/lidar_preprocessing:${AMENT_PREFIX_PATH} CMAKE_PREFIX_PATH=/workspace/install/rf2o_laser_odometry:/workspace/install/lidar_preprocessing PYTHONPATH=/workspace/build/drone_bringup/prefix_override:/usr/lib/python3/dist-packages/colcon_core/task/python/colcon_distutils_commands:/workspace/install/drone_bringup/lib/python3.10/site-packages:${PYTHONPATH} /usr/bin/python3 -W ignore:setup.py install is deprecated -W ignore:easy_install command is deprecated setup.py egg_info --egg-base ../../build/drone_bringup build --build-base /workspace/build/drone_bringup/build install --record /workspace/build/drone_bringup/install.log --install-scripts $base/lib/drone_bringup --single-version-externally-managed install_data
[0.718s] running egg_info
[0.727s] writing ../../build/drone_bringup/drone_bringup.egg-info/PKG-INFO
[0.727s] writing dependency_links to ../../build/drone_bringup/drone_bringup.egg-info/dependency_links.txt
[0.727s] writing entry points to ../../build/drone_bringup/drone_bringup.egg-info/entry_points.txt
[0.727s] writing requirements to ../../build/drone_bringup/drone_bringup.egg-info/requires.txt
[0.727s] writing top-level names to ../../build/drone_bringup/drone_bringup.egg-info/top_level.txt
[0.744s] reading manifest file '../../build/drone_bringup/drone_bringup.egg-info/SOURCES.txt'
[0.745s] writing manifest file '../../build/drone_bringup/drone_bringup.egg-info/SOURCES.txt'
[0.745s] running build
[0.745s] running build_py
[0.746s] running install
[0.748s] running install_lib
[0.757s] running install_data
[0.758s] copying config/bridge.yaml -> /workspace/install/drone_bringup/share/drone_bringup/config
[0.758s] running install_egg_info
[0.766s] removing '/workspace/install/drone_bringup/lib/python3.10/site-packages/drone_bringup-0.0.0-py3.10.egg-info' (and everything under it)
[0.766s] Copying ../../build/drone_bringup/drone_bringup.egg-info to /workspace/install/drone_bringup/lib/python3.10/site-packages/drone_bringup-0.0.0-py3.10.egg-info
[0.767s] running install_scripts
[0.785s] Installing rangefinder_converter script to /workspace/install/drone_bringup/lib/drone_bringup
[0.785s] writing list of installed files to '/workspace/build/drone_bringup/install.log'
[0.808s] Invoked command in '/workspace/src/drone_bringup' returned '0': AMENT_PREFIX_PATH=/workspace/install/rf2o_laser_odometry:/workspace/install/lidar_preprocessing:${AMENT_PREFIX_PATH} CMAKE_PREFIX_PATH=/workspace/install/rf2o_laser_odometry:/workspace/install/lidar_preprocessing PYTHONPATH=/workspace/build/drone_bringup/prefix_override:/usr/lib/python3/dist-packages/colcon_core/task/python/colcon_distutils_commands:/workspace/install/drone_bringup/lib/python3.10/site-packages:${PYTHONPATH} /usr/bin/python3 -W ignore:setup.py install is deprecated -W ignore:easy_install command is deprecated setup.py egg_info --egg-base ../../build/drone_bringup build --build-base /workspace/build/drone_bringup/build install --record /workspace/build/drone_bringup/install.log --install-scripts $base/lib/drone_bringup --single-version-externally-managed install_data
