[0.010s] Invoking command in '/workspace/build/ardupilot_gazebo': CMAKE_PREFIX_PATH=${CMAKE_PREFIX_PATH}:/workspace/install/drone_bringup:/opt/ros/humble /usr/bin/cmake /workspace/ardupilot_gazebo -DCMAKE_INSTALL_PREFIX=/workspace/install/ardupilot_gazebo
[0.135s] -- Override CMake install command with custom implementation using symlinks instead of copying resources
[0.150s] [0mBuilding ardupilot_gazebo as an `ament_cmake` project.[0m
[0.159s] -- Looking for gz-common5 -- found version 5.9.0
[0.160s] -- Searching for dependencies of gz-common5
[0.160s] -- Looking for gz-utils2 -- found version 2.2.1
[0.160s] -- Searching for dependencies of gz-utils2
[0.161s] -- Looking for dlfcn.h - found
[0.161s] -- Looking for libdl - found
[0.166s] -- Checking for module 'uuid'
[0.175s] --   Found uuid, version 2.37.2
[0.195s] -- Looking for gz-common5 - found
[0.195s] 
[0.196s] -- Looking for gz-rendering8 -- found version 8.2.3
[0.197s] -- Searching for dependencies of gz-rendering8
[0.197s] -- Looking for gz-math7 -- found version 7.7.0
[0.198s] -- Searching for dependencies of gz-math7
[0.198s] -- Looking for gz-utils2 -- found version 2.2.1
[0.198s] -- Searching for <gz-math7> component [eigen3]
[0.199s] -- Looking for gz-math7-eigen3 -- found version 7.7.0
[0.199s] -- Searching for dependencies of gz-math7-eigen3
[0.200s] -- Looking for gz-common5 -- found version 5.9.0
[0.200s] -- Searching for dependencies of gz-common5
[0.201s] -- Looking for gz-utils2 -- found version 2.2.1
[0.201s] -- Looking for dlfcn.h - found
[0.201s] -- Looking for libdl - found
[0.206s] -- Searching for <gz-common5> component [graphics]
[0.206s] -- Looking for gz-common5-graphics -- found version 5.9.0
[0.206s] -- Searching for dependencies of gz-common5-graphics
[0.207s] -- Looking for gz-math7 -- found version 7.7.0
[0.210s] -- Searching for <gz-common5> component [events]
[0.210s] -- Looking for gz-common5-events -- found version 5.9.0
[0.210s] -- Searching for dependencies of gz-common5-events
[0.211s] -- Looking for gz-math7 -- found version 7.7.0
[0.211s] -- Searching for <gz-common5> component [geospatial]
[0.211s] -- Looking for gz-common5-geospatial -- found version 5.9.0
[0.212s] -- Searching for dependencies of gz-common5-geospatial
[0.212s] -- Looking for gz-math7 -- found version 7.7.0
[0.212s] -- Looking for gz-common5 -- found version 5.9.0
[0.213s] -- Looking for gz-plugin2 -- found version 2.0.4
[0.213s] -- Searching for dependencies of gz-plugin2
[0.213s] -- Looking for gz-utils2 -- found version 2.2.1
[0.214s] -- Searching for dependencies of gz-utils2
[0.214s] -- Searching for <gz-utils2> component [cli]
[0.214s] -- Looking for gz-utils2-cli -- found version 2.2.1
[0.214s] -- Searching for dependencies of gz-utils2-cli
[0.215s] -- Searching for <gz-plugin2> component [all]
[0.216s] -- Looking for all libraries of gz-plugin2 -- found version 2.0.4
[0.216s] -- Looking for gz-plugin2 -- found version 2.0.4
[0.216s] -- Looking for gz-plugin2-loader -- found version 2.0.4
[0.217s] -- Searching for dependencies of gz-plugin2-loader
[0.217s] -- Looking for gz-plugin2-register -- found version 2.0.4
[0.218s] -- Searching for dependencies of gz-plugin2-register
[0.218s] -- Looking for gz-utils2 -- found version 2.2.1
[0.221s] -- Looking for gz-rendering8 - found
[0.221s] 
[0.221s] -- Looking for gz-sim8 -- found version 8.15.0
[0.221s] -- Searching for dependencies of gz-sim8
[0.222s] -- Looking for sdformat14 -- found version 14.9.0
[0.222s] -- Searching for dependencies of sdformat14
[0.226s] -- Checking for module 'tinyxml2'
[0.235s] --   Found tinyxml2, version 9.0.0
[0.256s] -- Looking for gz-math7 -- found version 7.7.0
[0.256s] -- Looking for gz-utils2 -- found version 2.2.1
[0.258s] -- Looking for gz-plugin2 -- found version 2.0.4
[0.258s] -- Looking for gz-transport13 -- found version 13.6.0
[0.259s] -- Searching for dependencies of gz-transport13
[0.285s] -- Config-file not installed for ZeroMQ -- checking for pkg-config
[0.288s] -- Checking for module 'libzmq >= 4'
[0.299s] --   Found libzmq , version 4.3.4
[0.329s] -- Looking for gz-utils2 -- found version 2.2.1
[0.330s] -- Looking for gz-msgs10 -- found version 10.4.0
[0.331s] -- Searching for dependencies of gz-msgs10
[0.346s] -- Looking for gz-utils2 -- found version 2.2.1
[0.346s] -- Looking for gz-math7 -- found version 7.7.0
[0.353s] -- Searching for <gz-transport13> component [log]
[0.354s] -- Looking for gz-transport13-log -- found version 13.6.0
[0.354s] -- Searching for dependencies of gz-transport13-log
[0.355s] -- Searching for <gz-transport13> component [parameters]
[0.355s] -- Looking for gz-transport13-parameters -- found version 13.6.0
[0.356s] -- Searching for dependencies of gz-transport13-parameters
[0.357s] -- Looking for gz-msgs10 -- found version 10.4.0
[0.357s] -- Looking for gz-common5 -- found version 5.9.0
[0.358s] -- Searching for dependencies of gz-common5
[0.358s] -- Looking for gz-utils2 -- found version 2.2.1
[0.358s] -- Looking for dlfcn.h - found
[0.358s] -- Looking for libdl - found
[0.365s] -- Searching for <gz-common5> component [av]
[0.365s] -- Looking for gz-common5-av -- found version 5.9.0
[0.366s] -- Searching for dependencies of gz-common5-av
[0.370s] -- Checking for module 'libswscale'
[0.380s] --   Found libswscale, version 5.9.100
[0.407s] -- Checking for module 'libavdevice >= 56.4.100'
[0.417s] --   Found libavdevice , version 58.13.100
[0.449s] -- Checking for module 'libavformat'
[0.457s] --   Found libavformat, version 58.76.100
[0.486s] -- Checking for module 'libavcodec'
[0.495s] --   Found libavcodec, version 58.134.100
[0.522s] -- Checking for module 'libavutil'
[0.532s] --   Found libavutil, version 56.70.100
[0.555s] -- Searching for <gz-common5> component [events]
[0.555s] -- Searching for <gz-common5> component [graphics]
[0.555s] -- Searching for <gz-common5> component [io]
[0.555s] -- Looking for gz-common5-io -- found version 5.9.0
[0.556s] -- Searching for dependencies of gz-common5-io
[0.556s] -- Searching for <gz-common5> component [profiler]
[0.556s] -- Looking for gz-common5-profiler -- found version 5.9.0
[0.557s] -- Searching for dependencies of gz-common5-profiler
[0.558s] -- Looking for gz-fuel_tools9 -- found version 9.1.1
[0.558s] -- Searching for dependencies of gz-fuel_tools9
[0.594s] -- Checking for module 'jsoncpp'
[0.604s] --   Found jsoncpp, version 1.9.5
[0.631s] -- Checking for module 'libzip'
[0.640s] --   Found libzip, version 1.7.3
[0.665s] -- Looking for gz-utils2 -- found version 2.2.1
[0.665s] -- Looking for gz-common5 -- found version 5.9.0
[0.665s] -- Searching for dependencies of gz-common5
[0.666s] -- Looking for gz-utils2 -- found version 2.2.1
[0.666s] -- Looking for dlfcn.h - found
[0.666s] -- Looking for libdl - found
[0.672s] -- Searching for <gz-common5> component [testing]
[0.674s] -- Looking for gz-common5-testing -- found version 5.9.0
[0.674s] -- Searching for dependencies of gz-common5-testing
[0.676s] -- Looking for gz-math7 -- found version 7.7.0
[0.676s] -- Looking for gz-msgs10 -- found version 10.4.0
[0.677s] -- Looking for gz-gui8 -- found version 8.4.0
[0.677s] -- Searching for dependencies of gz-gui8
[0.697s] -- Looking for gz-utils2 -- found version 2.2.1
[0.697s] -- Looking for gz-math7 -- found version 7.7.0
[0.698s] -- Looking for gz-common5 -- found version 5.9.0
[0.698s] -- Looking for gz-plugin2 -- found version 2.0.4
[0.698s] -- Looking for gz-transport13 -- found version 13.6.0
[0.698s] -- Looking for gz-rendering8 -- found version 8.2.3
[0.699s] -- Looking for gz-msgs10 -- found version 10.4.0
[0.717s] -- Looking for gz-physics7 -- found version 7.8.0
[0.718s] -- Searching for dependencies of gz-physics7
[0.718s] -- Looking for gz-common5 -- found version 5.9.0
[0.718s] -- Looking for gz-math7 -- found version 7.7.0
[0.718s] -- Looking for gz-plugin2 -- found version 2.0.4
[0.719s] -- Looking for gz-utils2 -- found version 2.2.1
[0.720s] -- Searching for <gz-physics7> component [heightmap]
[0.721s] -- Looking for gz-physics7-heightmap -- found version 7.8.0
[0.721s] -- Searching for dependencies of gz-physics7-heightmap
[0.721s] -- Looking for gz-common5 -- found version 5.9.0
[0.722s] -- Searching for <gz-physics7> component [mesh]
[0.722s] -- Looking for gz-physics7-mesh -- found version 7.8.0
[0.722s] -- Searching for dependencies of gz-physics7-mesh
[0.722s] -- Looking for gz-common5 -- found version 5.9.0
[0.723s] -- Searching for <gz-physics7> component [sdf]
[0.723s] -- Looking for gz-physics7-sdf -- found version 7.8.0
[0.723s] -- Searching for dependencies of gz-physics7-sdf
[0.724s] -- Looking for sdformat14 -- found version 14.9.0
[0.725s] -- Looking for gz-sensors8 -- found version 8.2.2
[0.725s] -- Searching for dependencies of gz-sensors8
[0.740s] -- Looking for gz-math7 -- found version 7.7.0
[0.741s] -- Looking for gz-common5 -- found version 5.9.0
[0.741s] -- Looking for gz-transport13 -- found version 13.6.0
[0.741s] -- Looking for gz-rendering8 -- found version 8.2.3
[0.742s] -- Looking for gz-msgs10 -- found version 10.4.0
[0.742s] -- Looking for sdformat14 -- found version 14.9.0
[0.742s] -- Searching for <gz-sensors8> component [air_pressure]
[0.743s] -- Looking for gz-sensors8-air_pressure -- found version 8.2.2
[0.743s] -- Searching for dependencies of gz-sensors8-air_pressure
[0.744s] -- Searching for <gz-sensors8> component [air_speed]
[0.744s] -- Looking for gz-sensors8-air_speed -- found version 8.2.2
[0.744s] -- Searching for dependencies of gz-sensors8-air_speed
[0.745s] -- Searching for <gz-sensors8> component [altimeter]
[0.745s] -- Looking for gz-sensors8-altimeter -- found version 8.2.2
[0.745s] -- Searching for dependencies of gz-sensors8-altimeter
[0.746s] -- Searching for <gz-sensors8> component [imu]
[0.746s] -- Looking for gz-sensors8-imu -- found version 8.2.2
[0.746s] -- Searching for dependencies of gz-sensors8-imu
[0.747s] -- Searching for <gz-sensors8> component [force_torque]
[0.747s] -- Looking for gz-sensors8-force_torque -- found version 8.2.2
[0.748s] -- Searching for dependencies of gz-sensors8-force_torque
[0.748s] -- Searching for <gz-sensors8> component [logical_camera]
[0.748s] -- Looking for gz-sensors8-logical_camera -- found version 8.2.2
[0.749s] -- Searching for dependencies of gz-sensors8-logical_camera
[0.749s] -- Searching for <gz-sensors8> component [magnetometer]
[0.749s] -- Looking for gz-sensors8-magnetometer -- found version 8.2.2
[0.750s] -- Searching for dependencies of gz-sensors8-magnetometer
[0.750s] -- Searching for <gz-sensors8> component [navsat]
[0.751s] -- Looking for gz-sensors8-navsat -- found version 8.2.2
[0.751s] -- Searching for dependencies of gz-sensors8-navsat
[0.751s] -- Searching for <gz-sensors8> component [dvl]
[0.752s] -- Looking for gz-sensors8-dvl -- found version 8.2.2
[0.752s] -- Searching for dependencies of gz-sensors8-dvl
[0.752s] -- Looking for gz-sensors8 -- found version 8.2.2
[0.752s] -- Searching for dependencies of gz-sensors8
[0.767s] -- Looking for gz-math7 -- found version 7.7.0
[0.767s] -- Looking for gz-common5 -- found version 5.9.0
[0.767s] -- Looking for gz-transport13 -- found version 13.6.0
[0.767s] -- Looking for gz-rendering8 -- found version 8.2.3
[0.768s] -- Looking for gz-msgs10 -- found version 10.4.0
[0.768s] -- Looking for sdformat14 -- found version 14.9.0
[0.768s] -- Searching for <gz-sensors8> component [rendering]
[0.768s] -- Looking for gz-sensors8-rendering -- found version 8.2.2
[0.769s] -- Searching for dependencies of gz-sensors8-rendering
[0.770s] -- Searching for <gz-sensors8> component [rendering]
[0.770s] -- Searching for <gz-sensors8> component [lidar]
[0.771s] -- Looking for gz-sensors8-lidar -- found version 8.2.2
[0.771s] -- Searching for dependencies of gz-sensors8-lidar
[0.771s] -- Looking for gz-sensors8 -- found version 8.2.2
[0.772s] -- Searching for <gz-sensors8> component [gpu_lidar]
[0.772s] -- Looking for gz-sensors8-gpu_lidar -- found version 8.2.2
[0.772s] -- Searching for dependencies of gz-sensors8-gpu_lidar
[0.772s] -- Looking for gz-sensors8 -- found version 8.2.2
[0.773s] -- Searching for <gz-sensors8> component [camera]
[0.773s] -- Looking for gz-sensors8-camera -- found version 8.2.2
[0.774s] -- Searching for dependencies of gz-sensors8-camera
[0.774s] -- Looking for gz-sensors8 -- found version 8.2.2
[0.774s] -- Searching for <gz-sensors8> component [boundingbox_camera]
[0.775s] -- Looking for gz-sensors8-boundingbox_camera -- found version 8.2.2
[0.775s] -- Searching for dependencies of gz-sensors8-boundingbox_camera
[0.775s] -- Searching for <gz-sensors8> component [segmentation_camera]
[0.776s] -- Looking for gz-sensors8-segmentation_camera -- found version 8.2.2
[0.776s] -- Searching for dependencies of gz-sensors8-segmentation_camera
[0.777s] -- Searching for <gz-sensors8> component [depth_camera]
[0.777s] -- Looking for gz-sensors8-depth_camera -- found version 8.2.2
[0.777s] -- Searching for dependencies of gz-sensors8-depth_camera
[0.777s] -- Looking for gz-sensors8 -- found version 8.2.2
[0.778s] -- Searching for <gz-sensors8> component [rgbd_camera]
[0.778s] -- Looking for gz-sensors8-rgbd_camera -- found version 8.2.2
[0.779s] -- Searching for dependencies of gz-sensors8-rgbd_camera
[0.779s] -- Looking for gz-sensors8 -- found version 8.2.2
[0.780s] -- Searching for <gz-sensors8> component [thermal_camera]
[0.780s] -- Looking for gz-sensors8-thermal_camera -- found version 8.2.2
[0.780s] -- Searching for dependencies of gz-sensors8-thermal_camera
[0.781s] -- Looking for gz-sensors8 -- found version 8.2.2
[0.781s] -- Searching for <gz-sensors8> component [wide_angle_camera]
[0.781s] -- Looking for gz-sensors8-wide_angle_camera -- found version 8.2.2
[0.782s] -- Searching for dependencies of gz-sensors8-wide_angle_camera
[0.782s] -- Looking for gz-rendering8 -- found version 8.2.3
[0.783s] -- Looking for gz-math7 -- found version 7.7.0
[0.783s] -- Looking for gz-utils2 -- found version 2.2.1
[0.798s] -- Looking for gz-sim8 - found
[0.798s] 
[0.798s] -- Compiling against Gazebo Harmonic
[0.807s] [31mCMake Error at CMakeLists.txt:85 (find_package):
[0.807s]   By not providing "FindRapidJSON.cmake" in CMAKE_MODULE_PATH this project
[0.807s]   has asked CMake to find a package configuration file provided by
[0.807s]   "RapidJSON", but CMake did not find one.
[0.807s] 
[0.807s]   Could not find a package configuration file provided by "RapidJSON" with
[0.807s]   any of the following names:
[0.807s] 
[0.807s]     RapidJSONConfig.cmake
[0.807s]     rapidjson-config.cmake
[0.807s] 
[0.807s]   Add the installation prefix of "RapidJSON" to CMAKE_PREFIX_PATH or set
[0.807s]   "RapidJSON_DIR" to a directory containing one of the above files.  If
[0.808s]   "RapidJSON" provides a separate development package or SDK, be sure it has
[0.808s]   been installed.
[0.808s] 
[0.808s] [0m
[0.808s] -- Configuring incomplete, errors occurred!
[0.808s] See also "/workspace/build/ardupilot_gazebo/CMakeFiles/CMakeOutput.log".
[0.813s] Invoked command in '/workspace/build/ardupilot_gazebo' returned '1': CMAKE_PREFIX_PATH=${CMAKE_PREFIX_PATH}:/workspace/install/drone_bringup:/opt/ros/humble /usr/bin/cmake /workspace/ardupilot_gazebo -DCMAKE_INSTALL_PREFIX=/workspace/install/ardupilot_gazebo
