running egg_info
writing ../../build/drone_bringup/drone_bringup.egg-info/PKG-INFO
writing dependency_links to ../../build/drone_bringup/drone_bringup.egg-info/dependency_links.txt
writing entry points to ../../build/drone_bringup/drone_bringup.egg-info/entry_points.txt
writing requirements to ../../build/drone_bringup/drone_bringup.egg-info/requires.txt
writing top-level names to ../../build/drone_bringup/drone_bringup.egg-info/top_level.txt
reading manifest file '../../build/drone_bringup/drone_bringup.egg-info/SOURCES.txt'
writing manifest file '../../build/drone_bringup/drone_bringup.egg-info/SOURCES.txt'
running build
running build_py
running install
running install_lib
running install_data
copying config/mavros_config.yaml -> /workspace/install/drone_bringup/share/drone_bringup/config
running install_egg_info
removing '/workspace/install/drone_bringup/lib/python3.10/site-packages/drone_bringup-0.0.0-py3.10.egg-info' (and everything under it)
Copying ../../build/drone_bringup/drone_bringup.egg-info to /workspace/install/drone_bringup/lib/python3.10/site-packages/drone_bringup-0.0.0-py3.10.egg-info
running install_scripts
Installing rangefinder_converter script to /workspace/install/drone_bringup/lib/drone_bringup
writing list of installed files to '/workspace/build/drone_bringup/install.log'
