running egg_info
creating ../../build/fcu_tf_bridge/fcu_tf_bridge.egg-info
writing ../../build/fcu_tf_bridge/fcu_tf_bridge.egg-info/PKG-INFO
writing dependency_links to ../../build/fcu_tf_bridge/fcu_tf_bridge.egg-info/dependency_links.txt
writing entry points to ../../build/fcu_tf_bridge/fcu_tf_bridge.egg-info/entry_points.txt
writing requirements to ../../build/fcu_tf_bridge/fcu_tf_bridge.egg-info/requires.txt
writing top-level names to ../../build/fcu_tf_bridge/fcu_tf_bridge.egg-info/top_level.txt
writing manifest file '../../build/fcu_tf_bridge/fcu_tf_bridge.egg-info/SOURCES.txt'
reading manifest file '../../build/fcu_tf_bridge/fcu_tf_bridge.egg-info/SOURCES.txt'
writing manifest file '../../build/fcu_tf_bridge/fcu_tf_bridge.egg-info/SOURCES.txt'
running build
running build_py
creating /workspace/build/fcu_tf_bridge/build/lib/fcu_tf_bridge
copying fcu_tf_bridge/fcu_tf_bridge_node.py -> /workspace/build/fcu_tf_bridge/build/lib/fcu_tf_bridge
copying fcu_tf_bridge/__init__.py -> /workspace/build/fcu_tf_bridge/build/lib/fcu_tf_bridge
running install
running install_lib
creating /workspace/install/fcu_tf_bridge/lib/python3.10/site-packages/fcu_tf_bridge
copying /workspace/build/fcu_tf_bridge/build/lib/fcu_tf_bridge/fcu_tf_bridge_node.py -> /workspace/install/fcu_tf_bridge/lib/python3.10/site-packages/fcu_tf_bridge
copying /workspace/build/fcu_tf_bridge/build/lib/fcu_tf_bridge/__init__.py -> /workspace/install/fcu_tf_bridge/lib/python3.10/site-packages/fcu_tf_bridge
byte-compiling /workspace/install/fcu_tf_bridge/lib/python3.10/site-packages/fcu_tf_bridge/fcu_tf_bridge_node.py to fcu_tf_bridge_node.cpython-310.pyc
byte-compiling /workspace/install/fcu_tf_bridge/lib/python3.10/site-packages/fcu_tf_bridge/__init__.py to __init__.cpython-310.pyc
running install_data
creating /workspace/install/fcu_tf_bridge/share/ament_index/resource_index/packages
copying resource/fcu_tf_bridge -> /workspace/install/fcu_tf_bridge/share/ament_index/resource_index/packages
copying package.xml -> /workspace/install/fcu_tf_bridge/share/fcu_tf_bridge
running install_egg_info
Copying ../../build/fcu_tf_bridge/fcu_tf_bridge.egg-info to /workspace/install/fcu_tf_bridge/lib/python3.10/site-packages/fcu_tf_bridge-0.0.0-py3.10.egg-info
running install_scripts
Installing fcu_tf_bridge_node script to /workspace/install/fcu_tf_bridge/lib/fcu_tf_bridge
writing list of installed files to '/workspace/build/fcu_tf_bridge/install.log'
