[0.681s] Invoking command in '/workspace/src/fcu_tf_bridge': PYTHONPATH=/workspace/build/fcu_tf_bridge/prefix_override:/usr/lib/python3/dist-packages/colcon_core/task/python/colcon_distutils_commands:/workspace/install/fcu_tf_bridge/lib/python3.10/site-packages:${PYTHONPATH} /usr/bin/python3 -W ignore:setup.py install is deprecated -W ignore:easy_install command is deprecated setup.py egg_info --egg-base ../../build/fcu_tf_bridge build --build-base /workspace/build/fcu_tf_bridge/build install --record /workspace/build/fcu_tf_bridge/install.log --install-scripts $base/lib/fcu_tf_bridge --single-version-externally-managed install_data
[0.875s] running egg_info
[0.885s] creating ../../build/fcu_tf_bridge/fcu_tf_bridge.egg-info
[0.885s] writing ../../build/fcu_tf_bridge/fcu_tf_bridge.egg-info/PKG-INFO
[0.886s] writing dependency_links to ../../build/fcu_tf_bridge/fcu_tf_bridge.egg-info/dependency_links.txt
[0.886s] writing entry points to ../../build/fcu_tf_bridge/fcu_tf_bridge.egg-info/entry_points.txt
[0.886s] writing requirements to ../../build/fcu_tf_bridge/fcu_tf_bridge.egg-info/requires.txt
[0.886s] writing top-level names to ../../build/fcu_tf_bridge/fcu_tf_bridge.egg-info/top_level.txt
[0.887s] writing manifest file '../../build/fcu_tf_bridge/fcu_tf_bridge.egg-info/SOURCES.txt'
[0.908s] reading manifest file '../../build/fcu_tf_bridge/fcu_tf_bridge.egg-info/SOURCES.txt'
[0.909s] writing manifest file '../../build/fcu_tf_bridge/fcu_tf_bridge.egg-info/SOURCES.txt'
[0.909s] running build
[0.909s] running build_py
[0.909s] creating /workspace/build/fcu_tf_bridge/build/lib/fcu_tf_bridge
[0.909s] copying fcu_tf_bridge/fcu_tf_bridge_node.py -> /workspace/build/fcu_tf_bridge/build/lib/fcu_tf_bridge
[0.909s] copying fcu_tf_bridge/__init__.py -> /workspace/build/fcu_tf_bridge/build/lib/fcu_tf_bridge
[0.909s] running install
[0.913s] running install_lib
[0.924s] creating /workspace/install/fcu_tf_bridge/lib/python3.10/site-packages/fcu_tf_bridge
[0.924s] copying /workspace/build/fcu_tf_bridge/build/lib/fcu_tf_bridge/fcu_tf_bridge_node.py -> /workspace/install/fcu_tf_bridge/lib/python3.10/site-packages/fcu_tf_bridge
[0.924s] copying /workspace/build/fcu_tf_bridge/build/lib/fcu_tf_bridge/__init__.py -> /workspace/install/fcu_tf_bridge/lib/python3.10/site-packages/fcu_tf_bridge
[0.924s] byte-compiling /workspace/install/fcu_tf_bridge/lib/python3.10/site-packages/fcu_tf_bridge/fcu_tf_bridge_node.py to fcu_tf_bridge_node.cpython-310.pyc
[0.925s] byte-compiling /workspace/install/fcu_tf_bridge/lib/python3.10/site-packages/fcu_tf_bridge/__init__.py to __init__.cpython-310.pyc
[0.925s] running install_data
[0.926s] creating /workspace/install/fcu_tf_bridge/share/ament_index/resource_index/packages
[0.926s] copying resource/fcu_tf_bridge -> /workspace/install/fcu_tf_bridge/share/ament_index/resource_index/packages
[0.926s] copying package.xml -> /workspace/install/fcu_tf_bridge/share/fcu_tf_bridge
[0.926s] running install_egg_info
[0.937s] Copying ../../build/fcu_tf_bridge/fcu_tf_bridge.egg-info to /workspace/install/fcu_tf_bridge/lib/python3.10/site-packages/fcu_tf_bridge-0.0.0-py3.10.egg-info
[0.937s] running install_scripts
[0.959s] Installing fcu_tf_bridge_node script to /workspace/install/fcu_tf_bridge/lib/fcu_tf_bridge
[0.959s] writing list of installed files to '/workspace/build/fcu_tf_bridge/install.log'
[0.995s] Invoked command in '/workspace/src/fcu_tf_bridge' returned '0': PYTHONPATH=/workspace/build/fcu_tf_bridge/prefix_override:/usr/lib/python3/dist-packages/colcon_core/task/python/colcon_distutils_commands:/workspace/install/fcu_tf_bridge/lib/python3.10/site-packages:${PYTHONPATH} /usr/bin/python3 -W ignore:setup.py install is deprecated -W ignore:easy_install command is deprecated setup.py egg_info --egg-base ../../build/fcu_tf_bridge build --build-base /workspace/build/fcu_tf_bridge/build install --record /workspace/build/fcu_tf_bridge/install.log --install-scripts $base/lib/fcu_tf_bridge --single-version-externally-managed install_data
