[0.008s] Invoking command in '/workspace/build/lidar_preprocessing': CMAKE_PREFIX_PATH=${CMAKE_PREFIX_PATH}:/opt/ros/humble /usr/bin/cmake --build /workspace/build/lidar_preprocessing -- -j16 -l16
[0.027s] -- Found ament_cmake: 1.3.14 (/opt/ros/humble/share/ament_cmake/cmake)
[0.118s] -- Found rclcpp: 16.0.19 (/opt/ros/humble/share/rclcpp/cmake)
[0.135s] -- Found rosidl_generator_c: 3.1.9 (/opt/ros/humble/share/rosidl_generator_c/cmake)
[0.136s] -- Found rosidl_adapter: 3.1.9 (/opt/ros/humble/share/rosidl_adapter/cmake)
[0.140s] -- Found rosidl_generator_cpp: 3.1.9 (/opt/ros/humble/share/rosidl_generator_cpp/cmake)
[0.145s] -- Using all available rosidl_typesupport_c: rosidl_typesupport_fastrtps_c;rosidl_typesupport_introspection_c
[0.152s] -- Using all available rosidl_typesupport_cpp: rosidl_typesupport_fastrtps_cpp;rosidl_typesupport_introspection_cpp
[0.170s] -- Found rmw_implementation_cmake: 6.1.3 (/opt/ros/humble/share/rmw_implementation_cmake/cmake)
[0.171s] -- Found rmw_fastrtps_cpp: 6.2.10 (/opt/ros/humble/share/rmw_fastrtps_cpp/cmake)
[0.250s] -- Using RMW implementation 'rmw_fastrtps_cpp' as default
[0.279s] -- Found sensor_msgs: 4.9.2 (/opt/ros/humble/share/sensor_msgs/cmake)
[0.294s] -- Found tf2: 0.25.22 (/opt/ros/humble/share/tf2/cmake)
[0.296s] -- Found tf2_geometry_msgs: 0.25.22 (/opt/ros/humble/share/tf2_geometry_msgs/cmake)
[0.298s] -- Found eigen3_cmake_module: 0.1.1 (/opt/ros/humble/share/eigen3_cmake_module/cmake)
[0.299s] -- Ensuring Eigen3 include directory is part of orocos-kdl CMake target
[0.344s] -- Found nav_msgs: 4.9.2 (/opt/ros/humble/share/nav_msgs/cmake)
[0.392s] -- Configuring done
[0.401s] -- Generating done
[0.404s] -- Build files have been written to: /workspace/build/lidar_preprocessing
[0.423s] [35m[1mConsolidate compiler generated dependencies of target scan_preprocessor[0m
[0.428s] [ 25%] [32mBuilding CXX object CMakeFiles/odom_bridge.dir/src/odom_bridge.cpp.o[0m
[0.439s] [ 75%] Built target scan_preprocessor
[5.045s] [100%] [32m[1mLinking CXX executable odom_bridge[0m
[5.280s] [100%] Built target odom_bridge
[5.290s] Invoked command in '/workspace/build/lidar_preprocessing' returned '0': CMAKE_PREFIX_PATH=${CMAKE_PREFIX_PATH}:/opt/ros/humble /usr/bin/cmake --build /workspace/build/lidar_preprocessing -- -j16 -l16
[5.297s] Invoking command in '/workspace/build/lidar_preprocessing': CMAKE_PREFIX_PATH=${CMAKE_PREFIX_PATH}:/opt/ros/humble /usr/bin/cmake --install /workspace/build/lidar_preprocessing
[5.303s] -- Install configuration: ""
[5.303s] -- Installing: /workspace/install/lidar_preprocessing/lib/lidar_preprocessing/odom_bridge
[5.306s] -- Set runtime path of "/workspace/install/lidar_preprocessing/lib/lidar_preprocessing/odom_bridge" to ""
[5.306s] -- Up-to-date: /workspace/install/lidar_preprocessing/lib/lidar_preprocessing/scan_preprocessor
[5.306s] -- Up-to-date: /workspace/install/lidar_preprocessing/share/ament_index/resource_index/package_run_dependencies/lidar_preprocessing
[5.306s] -- Installing: /workspace/install/lidar_preprocessing/share/ament_index/resource_index/parent_prefix_path/lidar_preprocessing
[5.306s] -- Up-to-date: /workspace/install/lidar_preprocessing/share/lidar_preprocessing/environment/ament_prefix_path.sh
[5.306s] -- Installing: /workspace/install/lidar_preprocessing/share/lidar_preprocessing/environment/ament_prefix_path.dsv
[5.306s] -- Up-to-date: /workspace/install/lidar_preprocessing/share/lidar_preprocessing/environment/path.sh
[5.306s] -- Installing: /workspace/install/lidar_preprocessing/share/lidar_preprocessing/environment/path.dsv
[5.306s] -- Up-to-date: /workspace/install/lidar_preprocessing/share/lidar_preprocessing/local_setup.bash
[5.306s] -- Up-to-date: /workspace/install/lidar_preprocessing/share/lidar_preprocessing/local_setup.sh
[5.306s] -- Up-to-date: /workspace/install/lidar_preprocessing/share/lidar_preprocessing/local_setup.zsh
[5.306s] -- Installing: /workspace/install/lidar_preprocessing/share/lidar_preprocessing/local_setup.dsv
[5.306s] -- Installing: /workspace/install/lidar_preprocessing/share/lidar_preprocessing/package.dsv
[5.307s] -- Up-to-date: /workspace/install/lidar_preprocessing/share/ament_index/resource_index/packages/lidar_preprocessing
[5.307s] -- Up-to-date: /workspace/install/lidar_preprocessing/share/lidar_preprocessing/cmake/lidar_preprocessingConfig.cmake
[5.307s] -- Up-to-date: /workspace/install/lidar_preprocessing/share/lidar_preprocessing/cmake/lidar_preprocessingConfig-version.cmake
[5.307s] -- Up-to-date: /workspace/install/lidar_preprocessing/share/lidar_preprocessing/package.xml
[5.308s] Invoked command in '/workspace/build/lidar_preprocessing' returned '0': CMAKE_PREFIX_PATH=${CMAKE_PREFIX_PATH}:/opt/ros/humble /usr/bin/cmake --install /workspace/build/lidar_preprocessing
