-- Found ament_cmake: 1.3.14 (/opt/ros/humble/share/ament_cmake/cmake)
-- Found rclcpp: 16.0.19 (/opt/ros/humble/share/rclcpp/cmake)
-- Found rosidl_generator_c: 3.1.9 (/opt/ros/humble/share/rosidl_generator_c/cmake)
-- Found rosidl_adapter: 3.1.9 (/opt/ros/humble/share/rosidl_adapter/cmake)
-- Found rosidl_generator_cpp: 3.1.9 (/opt/ros/humble/share/rosidl_generator_cpp/cmake)
-- Using all available rosidl_typesupport_c: rosidl_typesupport_fastrtps_c;rosidl_typesupport_introspection_c
-- Using all available rosidl_typesupport_cpp: rosidl_typesupport_fastrtps_cpp;rosidl_typesupport_introspection_cpp
-- Found rmw_implementation_cmake: 6.1.3 (/opt/ros/humble/share/rmw_implementation_cmake/cmake)
-- Found rmw_fastrtps_cpp: 6.2.10 (/opt/ros/humble/share/rmw_fastrtps_cpp/cmake)
-- Using RMW implementation 'rmw_fastrtps_cpp' as default
-- Found sensor_msgs: 4.9.2 (/opt/ros/humble/share/sensor_msgs/cmake)
-- Found tf2: 0.25.22 (/opt/ros/humble/share/tf2/cmake)
-- Found tf2_geometry_msgs: 0.25.22 (/opt/ros/humble/share/tf2_geometry_msgs/cmake)
-- Found eigen3_cmake_module: 0.1.1 (/opt/ros/humble/share/eigen3_cmake_module/cmake)
-- Ensuring Eigen3 include directory is part of orocos-kdl CMake target
-- Found nav_msgs: 4.9.2 (/opt/ros/humble/share/nav_msgs/cmake)
-- Configuring done
-- Generating done
-- Build files have been written to: /workspace/build/lidar_preprocessing
[35m[1mConsolidate compiler generated dependencies of target odom_bridge[0m
[35m[1mConsolidate compiler generated dependencies of target scan_preprocessor[0m
[ 50%] Built target odom_bridge
[100%] Built target scan_preprocessor
-- Install configuration: ""
-- Up-to-date: /workspace/install/lidar_preprocessing/lib/lidar_preprocessing/scan_preprocessor
-- Up-to-date: /workspace/install/lidar_preprocessing/lib/lidar_preprocessing/odom_bridge
-- Installing: /workspace/install/lidar_preprocessing/share/lidar_preprocessing//launch
-- Installing: /workspace/install/lidar_preprocessing/share/lidar_preprocessing//launch/drone_localization.launch.py
-- Up-to-date: /workspace/install/lidar_preprocessing/share/ament_index/resource_index/package_run_dependencies/lidar_preprocessing
-- Up-to-date: /workspace/install/lidar_preprocessing/share/ament_index/resource_index/parent_prefix_path/lidar_preprocessing
-- Up-to-date: /workspace/install/lidar_preprocessing/share/lidar_preprocessing/environment/ament_prefix_path.sh
-- Installing: /workspace/install/lidar_preprocessing/share/lidar_preprocessing/environment/ament_prefix_path.dsv
-- Up-to-date: /workspace/install/lidar_preprocessing/share/lidar_preprocessing/environment/path.sh
-- Installing: /workspace/install/lidar_preprocessing/share/lidar_preprocessing/environment/path.dsv
-- Up-to-date: /workspace/install/lidar_preprocessing/share/lidar_preprocessing/local_setup.bash
-- Up-to-date: /workspace/install/lidar_preprocessing/share/lidar_preprocessing/local_setup.sh
-- Up-to-date: /workspace/install/lidar_preprocessing/share/lidar_preprocessing/local_setup.zsh
-- Installing: /workspace/install/lidar_preprocessing/share/lidar_preprocessing/local_setup.dsv
-- Installing: /workspace/install/lidar_preprocessing/share/lidar_preprocessing/package.dsv
-- Up-to-date: /workspace/install/lidar_preprocessing/share/ament_index/resource_index/packages/lidar_preprocessing
-- Up-to-date: /workspace/install/lidar_preprocessing/share/lidar_preprocessing/cmake/lidar_preprocessingConfig.cmake
-- Up-to-date: /workspace/install/lidar_preprocessing/share/lidar_preprocessing/cmake/lidar_preprocessingConfig-version.cmake
-- Up-to-date: /workspace/install/lidar_preprocessing/share/lidar_preprocessing/package.xml
