[0.010s] Invoking command in '/workspace/build/rf2o_laser_odometry': CMAKE_PREFIX_PATH=/opt/ros/humble /usr/bin/cmake /workspace/src/rf2o_laser_odometry -DAMENT_CMAKE_SYMLINK_INSTALL=1 -DCMAKE_INSTALL_PREFIX=/workspace/install/rf2o_laser_odometry
[0.020s] -- Found ament_cmake: 1.3.14 (/opt/ros/humble/share/ament_cmake/cmake)
[0.126s] -- Override CMake install command with custom implementation using symlinks instead of copying resources
[0.132s] -- Found rclcpp: 16.0.19 (/opt/ros/humble/share/rclcpp/cmake)
[0.156s] -- Found rosidl_generator_c: 3.1.9 (/opt/ros/humble/share/rosidl_generator_c/cmake)
[0.158s] -- Found rosidl_adapter: 3.1.9 (/opt/ros/humble/share/rosidl_adapter/cmake)
[0.164s] -- Found rosidl_generator_cpp: 3.1.9 (/opt/ros/humble/share/rosidl_generator_cpp/cmake)
[0.172s] -- Using all available rosidl_typesupport_c: rosidl_typesupport_fastrtps_c;rosidl_typesupport_introspection_c
[0.180s] -- Using all available rosidl_typesupport_cpp: rosidl_typesupport_fastrtps_cpp;rosidl_typesupport_introspection_cpp
[0.205s] -- Found rmw_implementation_cmake: 6.1.3 (/opt/ros/humble/share/rmw_implementation_cmake/cmake)
[0.206s] -- Found rmw_fastrtps_cpp: 6.2.10 (/opt/ros/humble/share/rmw_fastrtps_cpp/cmake)
[0.314s] -- Using RMW implementation 'rmw_fastrtps_cpp' as default
[0.352s] -- Found geometry_msgs: 4.9.2 (/opt/ros/humble/share/geometry_msgs/cmake)
[0.362s] -- Found tf2_geometry_msgs: 0.25.22 (/opt/ros/humble/share/tf2_geometry_msgs/cmake)
[0.366s] -- Found eigen3_cmake_module: 0.1.1 (/opt/ros/humble/share/eigen3_cmake_module/cmake)
[0.366s] -- Ensuring Eigen3 include directory is part of orocos-kdl CMake target
[0.427s] -- Found sensor_msgs: 4.9.2 (/opt/ros/humble/share/sensor_msgs/cmake)
[0.438s] -- Found nav_msgs: 4.9.2 (/opt/ros/humble/share/nav_msgs/cmake)
[0.516s] -- Configuring done
[0.528s] -- Generating done
[0.532s] -- Build files have been written to: /workspace/build/rf2o_laser_odometry
[0.541s] Invoked command in '/workspace/build/rf2o_laser_odometry' returned '0': CMAKE_PREFIX_PATH=/opt/ros/humble /usr/bin/cmake /workspace/src/rf2o_laser_odometry -DAMENT_CMAKE_SYMLINK_INSTALL=1 -DCMAKE_INSTALL_PREFIX=/workspace/install/rf2o_laser_odometry
[0.543s] Invoking command in '/workspace/build/rf2o_laser_odometry': CMAKE_PREFIX_PATH=/opt/ros/humble /usr/bin/cmake --build /workspace/build/rf2o_laser_odometry -- -j16 -l16
[0.583s] [35m[1mConsolidate compiler generated dependencies of target rf2o_laser_odometry[0m
[0.583s] [35m[1mConsolidate compiler generated dependencies of target rf2o_laser_odometry_node[0m
[0.600s] [ 40%] Built target rf2o_laser_odometry
[0.600s] [100%] Built target rf2o_laser_odometry_node
[0.610s] Invoked command in '/workspace/build/rf2o_laser_odometry' returned '0': CMAKE_PREFIX_PATH=/opt/ros/humble /usr/bin/cmake --build /workspace/build/rf2o_laser_odometry -- -j16 -l16
[0.620s] Invoking command in '/workspace/build/rf2o_laser_odometry': CMAKE_PREFIX_PATH=/opt/ros/humble /usr/bin/cmake --install /workspace/build/rf2o_laser_odometry
[0.627s] -- Install configuration: ""
[0.628s] -- Execute custom install script
[0.628s] -- Up-to-date symlink: /workspace/install/rf2o_laser_odometry/lib/rf2o_laser_odometry/rf2o_laser_odometry_node
[0.628s] -- Up-to-date symlink: /workspace/install/rf2o_laser_odometry/share/rf2o_laser_odometry/launch/rf2o_laser_odometry.launch.py
[0.628s] -- Up-to-date symlink: /workspace/install/rf2o_laser_odometry/share/ament_index/resource_index/package_run_dependencies/rf2o_laser_odometry
[0.629s] -- Up-to-date symlink: /workspace/install/rf2o_laser_odometry/share/ament_index/resource_index/parent_prefix_path/rf2o_laser_odometry
[0.629s] -- Up-to-date symlink: /workspace/install/rf2o_laser_odometry/share/rf2o_laser_odometry/environment/ament_prefix_path.sh
[0.629s] -- Up-to-date symlink: /workspace/install/rf2o_laser_odometry/share/rf2o_laser_odometry/environment/ament_prefix_path.dsv
[0.629s] -- Up-to-date symlink: /workspace/install/rf2o_laser_odometry/share/rf2o_laser_odometry/environment/path.sh
[0.629s] -- Up-to-date symlink: /workspace/install/rf2o_laser_odometry/share/rf2o_laser_odometry/environment/path.dsv
[0.629s] -- Up-to-date symlink: /workspace/install/rf2o_laser_odometry/share/rf2o_laser_odometry/local_setup.bash
[0.629s] -- Up-to-date symlink: /workspace/install/rf2o_laser_odometry/share/rf2o_laser_odometry/local_setup.sh
[0.629s] -- Up-to-date symlink: /workspace/install/rf2o_laser_odometry/share/rf2o_laser_odometry/local_setup.zsh
[0.629s] -- Up-to-date symlink: /workspace/install/rf2o_laser_odometry/share/rf2o_laser_odometry/local_setup.dsv
[0.630s] -- Symlinking: /workspace/install/rf2o_laser_odometry/share/rf2o_laser_odometry/package.dsv
[0.640s] -- Up-to-date symlink: /workspace/install/rf2o_laser_odometry/share/ament_index/resource_index/packages/rf2o_laser_odometry
[0.640s] -- Up-to-date symlink: /workspace/install/rf2o_laser_odometry/share/rf2o_laser_odometry/cmake/rf2o_laser_odometryConfig.cmake
[0.640s] -- Up-to-date symlink: /workspace/install/rf2o_laser_odometry/share/rf2o_laser_odometry/cmake/rf2o_laser_odometryConfig-version.cmake
[0.640s] -- Up-to-date symlink: /workspace/install/rf2o_laser_odometry/share/rf2o_laser_odometry/package.xml
[0.642s] Invoked command in '/workspace/build/rf2o_laser_odometry' returned '0': CMAKE_PREFIX_PATH=/opt/ros/humble /usr/bin/cmake --install /workspace/build/rf2o_laser_odometry
