[0.821s] Invoking command in '/workspace/src/drone_bringup': PYTHONPATH=/workspace/build/drone_bringup/prefix_override:/usr/lib/python3/dist-packages/colcon_core/task/python/colcon_distutils_commands:/workspace/install/drone_bringup/lib/python3.10/site-packages:${PYTHONPATH} /usr/bin/python3 -W ignore:setup.py install is deprecated -W ignore:easy_install command is deprecated setup.py egg_info --egg-base ../../build/drone_bringup build --build-base /workspace/build/drone_bringup/build install --record /workspace/build/drone_bringup/install.log --install-scripts $base/lib/drone_bringup --single-version-externally-managed install_data
[1.133s] running egg_info
[1.145s] writing ../../build/drone_bringup/drone_bringup.egg-info/PKG-INFO
[1.145s] writing dependency_links to ../../build/drone_bringup/drone_bringup.egg-info/dependency_links.txt
[1.146s] writing requirements to ../../build/drone_bringup/drone_bringup.egg-info/requires.txt
[1.146s] writing top-level names to ../../build/drone_bringup/drone_bringup.egg-info/top_level.txt
[1.179s] reading manifest file '../../build/drone_bringup/drone_bringup.egg-info/SOURCES.txt'
[1.182s] writing manifest file '../../build/drone_bringup/drone_bringup.egg-info/SOURCES.txt'
[1.182s] running build
[1.182s] running build_py
[1.183s] running install
[1.187s] running install_lib
[1.204s] running install_data
[1.205s] copying launch/slam_standalone.launch.py -> /workspace/install/drone_bringup/share/drone_bringup/launch
[1.205s] copying config/slam_toolbox.yaml -> /workspace/install/drone_bringup/share/drone_bringup/config
[1.206s] running install_egg_info
[1.223s] removing '/workspace/install/drone_bringup/lib/python3.10/site-packages/drone_bringup-0.0.0-py3.10.egg-info' (and everything under it)
[1.224s] Copying ../../build/drone_bringup/drone_bringup.egg-info to /workspace/install/drone_bringup/lib/python3.10/site-packages/drone_bringup-0.0.0-py3.10.egg-info
[1.225s] running install_scripts
[1.253s] writing list of installed files to '/workspace/build/drone_bringup/install.log'
[1.290s] Invoked command in '/workspace/src/drone_bringup' returned '0': PYTHONPATH=/workspace/build/drone_bringup/prefix_override:/usr/lib/python3/dist-packages/colcon_core/task/python/colcon_distutils_commands:/workspace/install/drone_bringup/lib/python3.10/site-packages:${PYTHONPATH} /usr/bin/python3 -W ignore:setup.py install is deprecated -W ignore:easy_install command is deprecated setup.py egg_info --egg-base ../../build/drone_bringup build --build-base /workspace/build/drone_bringup/build install --record /workspace/build/drone_bringup/install.log --install-scripts $base/lib/drone_bringup --single-version-externally-managed install_data
