[0.010s] Invoking command in '/workspace/build/lidar_preprocessing': CMAKE_PREFIX_PATH=${CMAKE_PREFIX_PATH}:/workspace/install/drone_bringup:/opt/ros/humble /usr/bin/cmake --build /workspace/build/lidar_preprocessing -- -j16 -l16
[0.052s] [35m[1mConsolidate compiler generated dependencies of target scan_preprocessor[0m
[0.063s] [ 50%] Built target odom_bridge
[0.067s] [ 75%] [32mBuilding CXX object CMakeFiles/scan_preprocessor.dir/src/scan_preprocessor.cpp.o[0m
[8.747s] [100%] [32m[1mLinking CXX executable scan_preprocessor[0m
[9.304s] [100%] Built target scan_preprocessor
[9.315s] Invoked command in '/workspace/build/lidar_preprocessing' returned '0': CMAKE_PREFIX_PATH=${CMAKE_PREFIX_PATH}:/workspace/install/drone_bringup:/opt/ros/humble /usr/bin/cmake --build /workspace/build/lidar_preprocessing -- -j16 -l16
[9.323s] Invoking command in '/workspace/build/lidar_preprocessing': CMAKE_PREFIX_PATH=${CMAKE_PREFIX_PATH}:/workspace/install/drone_bringup:/opt/ros/humble /usr/bin/cmake --install /workspace/build/lidar_preprocessing
[9.329s] -- Install configuration: ""
[9.329s] -- Execute custom install script
[9.329s] -- Up-to-date symlink: /workspace/install/lidar_preprocessing/lib/lidar_preprocessing/scan_preprocessor
[9.330s] -- Up-to-date symlink: /workspace/install/lidar_preprocessing/lib/lidar_preprocessing/odom_bridge
[9.330s] -- Up-to-date symlink: /workspace/install/lidar_preprocessing/share/lidar_preprocessing//launch/drone_localization.launch.py
[9.330s] -- Up-to-date symlink: /workspace/install/lidar_preprocessing/share/ament_index/resource_index/package_run_dependencies/lidar_preprocessing
[9.330s] -- Up-to-date symlink: /workspace/install/lidar_preprocessing/share/ament_index/resource_index/parent_prefix_path/lidar_preprocessing
[9.331s] -- Up-to-date symlink: /workspace/install/lidar_preprocessing/share/lidar_preprocessing/environment/ament_prefix_path.sh
[9.331s] -- Up-to-date symlink: /workspace/install/lidar_preprocessing/share/lidar_preprocessing/environment/ament_prefix_path.dsv
[9.331s] -- Up-to-date symlink: /workspace/install/lidar_preprocessing/share/lidar_preprocessing/environment/path.sh
[9.331s] -- Up-to-date symlink: /workspace/install/lidar_preprocessing/share/lidar_preprocessing/environment/path.dsv
[9.331s] -- Up-to-date symlink: /workspace/install/lidar_preprocessing/share/lidar_preprocessing/local_setup.bash
[9.331s] -- Up-to-date symlink: /workspace/install/lidar_preprocessing/share/lidar_preprocessing/local_setup.sh
[9.331s] -- Up-to-date symlink: /workspace/install/lidar_preprocessing/share/lidar_preprocessing/local_setup.zsh
[9.332s] -- Up-to-date symlink: /workspace/install/lidar_preprocessing/share/lidar_preprocessing/local_setup.dsv
[9.332s] -- Symlinking: /workspace/install/lidar_preprocessing/share/lidar_preprocessing/package.dsv
[9.340s] -- Up-to-date symlink: /workspace/install/lidar_preprocessing/share/ament_index/resource_index/packages/lidar_preprocessing
[9.340s] -- Up-to-date symlink: /workspace/install/lidar_preprocessing/share/lidar_preprocessing/cmake/lidar_preprocessingConfig.cmake
[9.340s] -- Up-to-date symlink: /workspace/install/lidar_preprocessing/share/lidar_preprocessing/cmake/lidar_preprocessingConfig-version.cmake
[9.340s] -- Up-to-date symlink: /workspace/install/lidar_preprocessing/share/lidar_preprocessing/package.xml
[9.342s] Invoked command in '/workspace/build/lidar_preprocessing' returned '0': CMAKE_PREFIX_PATH=${CMAKE_PREFIX_PATH}:/workspace/install/drone_bringup:/opt/ros/humble /usr/bin/cmake --install /workspace/build/lidar_preprocessing
