[0.676s] Invoking command in '/workspace/src/drone_bringup': PYTHONPATH=/workspace/build/drone_bringup/prefix_override:/usr/lib/python3/dist-packages/colcon_core/task/python/colcon_distutils_commands:/workspace/install/drone_bringup/lib/python3.10/site-packages:${PYTHONPATH} /usr/bin/python3 -W ignore:setup.py install is deprecated -W ignore:easy_install command is deprecated setup.py egg_info --egg-base ../../build/drone_bringup build --build-base /workspace/build/drone_bringup/build install --record /workspace/build/drone_bringup/install.log --install-scripts $base/lib/drone_bringup --single-version-externally-managed install_data
[0.864s] running egg_info
[0.873s] writing ../../build/drone_bringup/drone_bringup.egg-info/PKG-INFO
[0.874s] writing dependency_links to ../../build/drone_bringup/drone_bringup.egg-info/dependency_links.txt
[0.874s] writing entry points to ../../build/drone_bringup/drone_bringup.egg-info/entry_points.txt
[0.874s] writing requirements to ../../build/drone_bringup/drone_bringup.egg-info/requires.txt
[0.874s] writing top-level names to ../../build/drone_bringup/drone_bringup.egg-info/top_level.txt
[0.894s] reading manifest file '../../build/drone_bringup/drone_bringup.egg-info/SOURCES.txt'
[0.895s] writing manifest file '../../build/drone_bringup/drone_bringup.egg-info/SOURCES.txt'
[0.895s] running build
[0.895s] running build_py
[0.895s] running install
[0.898s] running install_lib
[0.908s] running install_data
[0.908s] copying config/mavros_config.yaml -> /workspace/install/drone_bringup/share/drone_bringup/config
[0.909s] running install_egg_info
[0.919s] removing '/workspace/install/drone_bringup/lib/python3.10/site-packages/drone_bringup-0.0.0-py3.10.egg-info' (and everything under it)
[0.920s] Copying ../../build/drone_bringup/drone_bringup.egg-info to /workspace/install/drone_bringup/lib/python3.10/site-packages/drone_bringup-0.0.0-py3.10.egg-info
[0.920s] running install_scripts
[0.939s] Installing rangefinder_converter script to /workspace/install/drone_bringup/lib/drone_bringup
[0.940s] writing list of installed files to '/workspace/build/drone_bringup/install.log'
[0.968s] Invoked command in '/workspace/src/drone_bringup' returned '0': PYTHONPATH=/workspace/build/drone_bringup/prefix_override:/usr/lib/python3/dist-packages/colcon_core/task/python/colcon_distutils_commands:/workspace/install/drone_bringup/lib/python3.10/site-packages:${PYTHONPATH} /usr/bin/python3 -W ignore:setup.py install is deprecated -W ignore:easy_install command is deprecated setup.py egg_info --egg-base ../../build/drone_bringup build --build-base /workspace/build/drone_bringup/build install --record /workspace/build/drone_bringup/install.log --install-scripts $base/lib/drone_bringup --single-version-externally-managed install_data
