running egg_info
writing ../../build/fcu_tf_bridge/fcu_tf_bridge.egg-info/PKG-INFO
writing dependency_links to ../../build/fcu_tf_bridge/fcu_tf_bridge.egg-info/dependency_links.txt
writing entry points to ../../build/fcu_tf_bridge/fcu_tf_bridge.egg-info/entry_points.txt
writing requirements to ../../build/fcu_tf_bridge/fcu_tf_bridge.egg-info/requires.txt
writing top-level names to ../../build/fcu_tf_bridge/fcu_tf_bridge.egg-info/top_level.txt
reading manifest file '../../build/fcu_tf_bridge/fcu_tf_bridge.egg-info/SOURCES.txt'
writing manifest file '../../build/fcu_tf_bridge/fcu_tf_bridge.egg-info/SOURCES.txt'
running build
running build_py
copying fcu_tf_bridge/fcu_tf_bridge_node.py -> /workspace/build/fcu_tf_bridge/build/lib/fcu_tf_bridge
running install
running install_lib
copying /workspace/build/fcu_tf_bridge/build/lib/fcu_tf_bridge/fcu_tf_bridge_node.py -> /workspace/install/fcu_tf_bridge/lib/python3.10/site-packages/fcu_tf_bridge
byte-compiling /workspace/install/fcu_tf_bridge/lib/python3.10/site-packages/fcu_tf_bridge/fcu_tf_bridge_node.py to fcu_tf_bridge_node.cpython-310.pyc
running install_data
running install_egg_info
removing '/workspace/install/fcu_tf_bridge/lib/python3.10/site-packages/fcu_tf_bridge-0.0.0-py3.10.egg-info' (and everything under it)
Copying ../../build/fcu_tf_bridge/fcu_tf_bridge.egg-info to /workspace/install/fcu_tf_bridge/lib/python3.10/site-packages/fcu_tf_bridge-0.0.0-py3.10.egg-info
running install_scripts
Installing fcu_tf_bridge_node script to /workspace/install/fcu_tf_bridge/lib/fcu_tf_bridge
writing list of installed files to '/workspace/build/fcu_tf_bridge/install.log'
