[0.016s] Invoking command in '/workspace/build/lidar_preprocessing': CMAKE_PREFIX_PATH=${CMAKE_PREFIX_PATH}:/opt/ros/humble /usr/bin/cmake /workspace/src/lidar_preprocessing -DCMAKE_INSTALL_PREFIX=/workspace/install/lidar_preprocessing
[0.130s] -- The C compiler identification is GNU 11.4.0
[0.201s] -- The CXX compiler identification is GNU 11.4.0
[0.213s] -- Detecting C compiler ABI info
[0.271s] -- Detecting C compiler ABI info - done
[0.276s] -- Check for working C compiler: /usr/lib/ccache/cc - skipped
[0.277s] -- Detecting C compile features
[0.277s] -- Detecting C compile features - done
[0.281s] -- Detecting CXX compiler ABI info
[0.344s] -- Detecting CXX compiler ABI info - done
[0.350s] -- Check for working CXX compiler: /usr/lib/ccache/c++ - skipped
[0.350s] -- Detecting CXX compile features
[0.351s] -- Detecting CXX compile features - done
[0.362s] -- Found ament_cmake: 1.3.14 (/opt/ros/humble/share/ament_cmake/cmake)
[0.698s] -- Found Python3: /usr/bin/python3 (found version "3.10.12") found components: Interpreter 
[0.805s] -- Found rclcpp: 16.0.19 (/opt/ros/humble/share/rclcpp/cmake)
[0.873s] -- Found rosidl_generator_c: 3.1.9 (/opt/ros/humble/share/rosidl_generator_c/cmake)
[0.880s] -- Found rosidl_adapter: 3.1.9 (/opt/ros/humble/share/rosidl_adapter/cmake)
[0.891s] -- Found rosidl_generator_cpp: 3.1.9 (/opt/ros/humble/share/rosidl_generator_cpp/cmake)
[0.909s] -- Using all available rosidl_typesupport_c: rosidl_typesupport_fastrtps_c;rosidl_typesupport_introspection_c
[0.931s] -- Using all available rosidl_typesupport_cpp: rosidl_typesupport_fastrtps_cpp;rosidl_typesupport_introspection_cpp
[0.991s] -- Found rmw_implementation_cmake: 6.1.3 (/opt/ros/humble/share/rmw_implementation_cmake/cmake)
[0.994s] -- Found rmw_fastrtps_cpp: 6.2.10 (/opt/ros/humble/share/rmw_fastrtps_cpp/cmake)
[1.109s] -- Found OpenSSL: /usr/lib/x86_64-linux-gnu/libcrypto.so (found version "3.0.2")  
[1.140s] -- Found FastRTPS: /opt/ros/humble/include  
[1.185s] -- Using RMW implementation 'rmw_fastrtps_cpp' as default
[1.198s] -- Looking for pthread.h
[1.289s] -- Looking for pthread.h - found
[1.289s] -- Performing Test CMAKE_HAVE_LIBC_PTHREAD
[1.372s] -- Performing Test CMAKE_HAVE_LIBC_PTHREAD - Success
[1.373s] -- Found Threads: TRUE  
[1.437s] -- Found sensor_msgs: 4.9.2 (/opt/ros/humble/share/sensor_msgs/cmake)
[1.473s] -- Found tf2: 0.25.22 (/opt/ros/humble/share/tf2/cmake)
[1.488s] -- Found tf2_geometry_msgs: 0.25.22 (/opt/ros/humble/share/tf2_geometry_msgs/cmake)
[1.508s] -- Found eigen3_cmake_module: 0.1.1 (/opt/ros/humble/share/eigen3_cmake_module/cmake)
[1.511s] -- Found Eigen3: TRUE (found version "3.4.0") 
[1.511s] -- Ensuring Eigen3 include directory is part of orocos-kdl CMake target
[1.616s] -- Found nav_msgs: 4.9.2 (/opt/ros/humble/share/nav_msgs/cmake)
[1.699s] -- Configuring done
[1.711s] -- Generating done
[1.716s] -- Build files have been written to: /workspace/build/lidar_preprocessing
[1.728s] Invoked command in '/workspace/build/lidar_preprocessing' returned '0': CMAKE_PREFIX_PATH=${CMAKE_PREFIX_PATH}:/opt/ros/humble /usr/bin/cmake /workspace/src/lidar_preprocessing -DCMAKE_INSTALL_PREFIX=/workspace/install/lidar_preprocessing
[1.730s] Invoking command in '/workspace/build/lidar_preprocessing': CMAKE_PREFIX_PATH=${CMAKE_PREFIX_PATH}:/opt/ros/humble /usr/bin/cmake --build /workspace/build/lidar_preprocessing -- -j16 -l16
[1.779s] [ 50%] [32mBuilding CXX object CMakeFiles/scan_preprocessor.dir/src/scan_preprocessor.cpp.o[0m
[10.838s] [100%] [32m[1mLinking CXX executable scan_preprocessor[0m
[11.392s] [100%] Built target scan_preprocessor
[11.402s] Invoked command in '/workspace/build/lidar_preprocessing' returned '0': CMAKE_PREFIX_PATH=${CMAKE_PREFIX_PATH}:/opt/ros/humble /usr/bin/cmake --build /workspace/build/lidar_preprocessing -- -j16 -l16
[11.412s] Invoking command in '/workspace/build/lidar_preprocessing': CMAKE_PREFIX_PATH=${CMAKE_PREFIX_PATH}:/opt/ros/humble /usr/bin/cmake --install /workspace/build/lidar_preprocessing
[11.420s] -- Install configuration: ""
[11.420s] -- Installing: /workspace/install/lidar_preprocessing/lib/lidar_preprocessing/scan_preprocessor
[11.425s] -- Set runtime path of "/workspace/install/lidar_preprocessing/lib/lidar_preprocessing/scan_preprocessor" to ""
[11.425s] -- Installing: /workspace/install/lidar_preprocessing/share/ament_index/resource_index/package_run_dependencies/lidar_preprocessing
[11.425s] -- Installing: /workspace/install/lidar_preprocessing/share/ament_index/resource_index/parent_prefix_path/lidar_preprocessing
[11.425s] -- Installing: /workspace/install/lidar_preprocessing/share/lidar_preprocessing/environment/ament_prefix_path.sh
[11.425s] -- Installing: /workspace/install/lidar_preprocessing/share/lidar_preprocessing/environment/ament_prefix_path.dsv
[11.425s] -- Installing: /workspace/install/lidar_preprocessing/share/lidar_preprocessing/environment/path.sh
[11.425s] -- Installing: /workspace/install/lidar_preprocessing/share/lidar_preprocessing/environment/path.dsv
[11.425s] -- Installing: /workspace/install/lidar_preprocessing/share/lidar_preprocessing/local_setup.bash
[11.425s] -- Installing: /workspace/install/lidar_preprocessing/share/lidar_preprocessing/local_setup.sh
[11.425s] -- Installing: /workspace/install/lidar_preprocessing/share/lidar_preprocessing/local_setup.zsh
[11.425s] -- Installing: /workspace/install/lidar_preprocessing/share/lidar_preprocessing/local_setup.dsv
[11.426s] -- Installing: /workspace/install/lidar_preprocessing/share/lidar_preprocessing/package.dsv
[11.426s] -- Installing: /workspace/install/lidar_preprocessing/share/ament_index/resource_index/packages/lidar_preprocessing
[11.426s] -- Installing: /workspace/install/lidar_preprocessing/share/lidar_preprocessing/cmake/lidar_preprocessingConfig.cmake
[11.426s] -- Installing: /workspace/install/lidar_preprocessing/share/lidar_preprocessing/cmake/lidar_preprocessingConfig-version.cmake
[11.426s] -- Installing: /workspace/install/lidar_preprocessing/share/lidar_preprocessing/package.xml
[11.428s] Invoked command in '/workspace/build/lidar_preprocessing' returned '0': CMAKE_PREFIX_PATH=${CMAKE_PREFIX_PATH}:/opt/ros/humble /usr/bin/cmake --install /workspace/build/lidar_preprocessing
