[0.446s] Invoking command in '/workspace/src/lidar_tilt_compensator': PYTHONPATH=/workspace/build/lidar_tilt_compensator/prefix_override:/usr/lib/python3/dist-packages/colcon_core/task/python/colcon_distutils_commands:/workspace/install/lidar_tilt_compensator/lib/python3.10/site-packages:${PYTHONPATH} /usr/bin/python3 -W ignore:setup.py install is deprecated -W ignore:easy_install command is deprecated setup.py egg_info --egg-base ../../build/lidar_tilt_compensator build --build-base /workspace/build/lidar_tilt_compensator/build install --record /workspace/build/lidar_tilt_compensator/install.log --install-scripts $base/lib/lidar_tilt_compensator --single-version-externally-managed install_data
[0.574s] /home/developer/.local/lib/python3.10/site-packages/setuptools/_distutils/dist.py:318: UserWarning: Unknown distribution option: 'tests_require'
[0.574s]   warnings.warn(msg)
[0.623s] running egg_info
[0.632s] writing ../../build/lidar_tilt_compensator/lidar_tilt_compensator.egg-info/PKG-INFO
[0.632s] writing dependency_links to ../../build/lidar_tilt_compensator/lidar_tilt_compensator.egg-info/dependency_links.txt
[0.632s] writing entry points to ../../build/lidar_tilt_compensator/lidar_tilt_compensator.egg-info/entry_points.txt
[0.632s] writing requirements to ../../build/lidar_tilt_compensator/lidar_tilt_compensator.egg-info/requires.txt
[0.632s] writing top-level names to ../../build/lidar_tilt_compensator/lidar_tilt_compensator.egg-info/top_level.txt
[0.650s] reading manifest file '../../build/lidar_tilt_compensator/lidar_tilt_compensator.egg-info/SOURCES.txt'
[0.651s] writing manifest file '../../build/lidar_tilt_compensator/lidar_tilt_compensator.egg-info/SOURCES.txt'
[0.651s] running build
[0.651s] running build_py
[0.651s] running install
[0.655s] running install_lib
[0.663s] running install_data
[0.663s] creating /workspace/install/lidar_tilt_compensator/share/lidar_tilt_compensator/config
[0.663s] copying config/scan_stabilizer.yaml -> /workspace/install/lidar_tilt_compensator/share/lidar_tilt_compensator/config
[0.663s] running install_egg_info
[0.673s] removing '/workspace/install/lidar_tilt_compensator/lib/python3.10/site-packages/lidar_tilt_compensator-0.0.0-py3.10.egg-info' (and everything under it)
[0.673s] Copying ../../build/lidar_tilt_compensator/lidar_tilt_compensator.egg-info to /workspace/install/lidar_tilt_compensator/lib/python3.10/site-packages/lidar_tilt_compensator-0.0.0-py3.10.egg-info
[0.673s] running install_scripts
[0.692s] Installing scan_to_cloud_node script to /workspace/install/lidar_tilt_compensator/lib/lidar_tilt_compensator
[0.692s] writing list of installed files to '/workspace/build/lidar_tilt_compensator/install.log'
[0.718s] Invoked command in '/workspace/src/lidar_tilt_compensator' returned '0': PYTHONPATH=/workspace/build/lidar_tilt_compensator/prefix_override:/usr/lib/python3/dist-packages/colcon_core/task/python/colcon_distutils_commands:/workspace/install/lidar_tilt_compensator/lib/python3.10/site-packages:${PYTHONPATH} /usr/bin/python3 -W ignore:setup.py install is deprecated -W ignore:easy_install command is deprecated setup.py egg_info --egg-base ../../build/lidar_tilt_compensator build --build-base /workspace/build/lidar_tilt_compensator/build install --record /workspace/build/lidar_tilt_compensator/install.log --install-scripts $base/lib/lidar_tilt_compensator --single-version-externally-managed install_data
