[0.458s] Invoking command in '/workspace/src/drone_bringup': PYTHONPATH=/workspace/build/drone_bringup/prefix_override:/usr/lib/python3/dist-packages/colcon_core/task/python/colcon_distutils_commands:/workspace/install/drone_bringup/lib/python3.10/site-packages:${PYTHONPATH} /usr/bin/python3 -W ignore:setup.py install is deprecated -W ignore:easy_install command is deprecated setup.py egg_info --egg-base ../../build/drone_bringup build --build-base /workspace/build/drone_bringup/build install --record /workspace/build/drone_bringup/install.log --install-scripts $base/lib/drone_bringup --single-version-externally-managed install_data
[0.620s] running egg_info
[0.628s] writing ../../build/drone_bringup/drone_bringup.egg-info/PKG-INFO
[0.628s] writing dependency_links to ../../build/drone_bringup/drone_bringup.egg-info/dependency_links.txt
[0.629s] writing entry points to ../../build/drone_bringup/drone_bringup.egg-info/entry_points.txt
[0.629s] writing requirements to ../../build/drone_bringup/drone_bringup.egg-info/requires.txt
[0.629s] writing top-level names to ../../build/drone_bringup/drone_bringup.egg-info/top_level.txt
[0.645s] reading manifest file '../../build/drone_bringup/drone_bringup.egg-info/SOURCES.txt'
[0.646s] writing manifest file '../../build/drone_bringup/drone_bringup.egg-info/SOURCES.txt'
[0.646s] running build
[0.646s] running build_py
[0.647s] copying drone_bringup/rf2o_mavros.py -> /workspace/build/drone_bringup/build/lib/drone_bringup
[0.647s] running install
[0.649s] running install_lib
[0.658s] copying /workspace/build/drone_bringup/build/lib/drone_bringup/rf2o_mavros.py -> /workspace/install/drone_bringup/lib/python3.10/site-packages/drone_bringup
[0.658s] byte-compiling /workspace/install/drone_bringup/lib/python3.10/site-packages/drone_bringup/rf2o_mavros.py to rf2o_mavros.cpython-310.pyc
[0.659s] running install_data
[0.659s] running install_egg_info
[0.668s] removing '/workspace/install/drone_bringup/lib/python3.10/site-packages/drone_bringup-0.0.0-py3.10.egg-info' (and everything under it)
[0.668s] Copying ../../build/drone_bringup/drone_bringup.egg-info to /workspace/install/drone_bringup/lib/python3.10/site-packages/drone_bringup-0.0.0-py3.10.egg-info
[0.669s] running install_scripts
[0.688s] Installing rf2o_mavros script to /workspace/install/drone_bringup/lib/drone_bringup
[0.688s] writing list of installed files to '/workspace/build/drone_bringup/install.log'
[0.713s] Invoked command in '/workspace/src/drone_bringup' returned '0': PYTHONPATH=/workspace/build/drone_bringup/prefix_override:/usr/lib/python3/dist-packages/colcon_core/task/python/colcon_distutils_commands:/workspace/install/drone_bringup/lib/python3.10/site-packages:${PYTHONPATH} /usr/bin/python3 -W ignore:setup.py install is deprecated -W ignore:easy_install command is deprecated setup.py egg_info --egg-base ../../build/drone_bringup build --build-base /workspace/build/drone_bringup/build install --record /workspace/build/drone_bringup/install.log --install-scripts $base/lib/drone_bringup --single-version-externally-managed install_data
