[0.010s] Invoking command in '/workspace/build/rf2o_laser_odometry': CMAKE_PREFIX_PATH=/workspace/install/lidar_tilt_compensator:/workspace/install/fcu_tf_bridge:/workspace/install/drone_bringup:/opt/ros/humble /usr/bin/cmake /workspace/src/rf2o_laser_odometry -DCMAKE_INSTALL_PREFIX=/workspace/install/rf2o_laser_odometry
[0.094s] -- The C compiler identification is GNU 11.4.0
[0.166s] -- The CXX compiler identification is GNU 11.4.0
[0.180s] -- Detecting C compiler ABI info
[0.262s] -- Detecting C compiler ABI info - done
[0.269s] -- Check for working C compiler: /usr/lib/ccache/cc - skipped
[0.271s] -- Detecting C compile features
[0.271s] -- Detecting C compile features - done
[0.275s] -- Detecting CXX compiler ABI info
[0.366s] -- Detecting CXX compiler ABI info - done
[0.372s] -- Check for working CXX compiler: /usr/lib/ccache/c++ - skipped
[0.372s] -- Detecting CXX compile features
[0.372s] -- Detecting CXX compile features - done
[0.382s] -- Found ament_cmake: 1.3.14 (/opt/ros/humble/share/ament_cmake/cmake)
[0.761s] -- Found Python3: /usr/bin/python3 (found version "3.10.12") found components: Interpreter 
[0.878s] -- Found rclcpp: 16.0.19 (/opt/ros/humble/share/rclcpp/cmake)
[0.953s] -- Found rosidl_generator_c: 3.1.9 (/opt/ros/humble/share/rosidl_generator_c/cmake)
[0.961s] -- Found rosidl_adapter: 3.1.9 (/opt/ros/humble/share/rosidl_adapter/cmake)
[0.975s] -- Found rosidl_generator_cpp: 3.1.9 (/opt/ros/humble/share/rosidl_generator_cpp/cmake)
[0.993s] -- Using all available rosidl_typesupport_c: rosidl_typesupport_fastrtps_c;rosidl_typesupport_introspection_c
[1.016s] -- Using all available rosidl_typesupport_cpp: rosidl_typesupport_fastrtps_cpp;rosidl_typesupport_introspection_cpp
[1.076s] -- Found rmw_implementation_cmake: 6.1.3 (/opt/ros/humble/share/rmw_implementation_cmake/cmake)
[1.080s] -- Found rmw_fastrtps_cpp: 6.2.10 (/opt/ros/humble/share/rmw_fastrtps_cpp/cmake)
[1.205s] -- Found OpenSSL: /usr/lib/x86_64-linux-gnu/libcrypto.so (found version "3.0.2")  
[1.234s] -- Found FastRTPS: /opt/ros/humble/include  
[1.282s] -- Using RMW implementation 'rmw_fastrtps_cpp' as default
[1.297s] -- Looking for pthread.h
[1.380s] -- Looking for pthread.h - found
[1.381s] -- Performing Test CMAKE_HAVE_LIBC_PTHREAD
[1.471s] -- Performing Test CMAKE_HAVE_LIBC_PTHREAD - Success
[1.472s] -- Found Threads: TRUE  
[1.538s] -- Found geometry_msgs: 4.9.2 (/opt/ros/humble/share/geometry_msgs/cmake)
[1.557s] -- Found tf2_geometry_msgs: 0.25.22 (/opt/ros/humble/share/tf2_geometry_msgs/cmake)
[1.578s] -- Found eigen3_cmake_module: 0.1.1 (/opt/ros/humble/share/eigen3_cmake_module/cmake)
[1.579s] -- Found Eigen3: TRUE (found version "3.4.0") 
[1.579s] -- Ensuring Eigen3 include directory is part of orocos-kdl CMake target
[1.708s] -- Found sensor_msgs: 4.9.2 (/opt/ros/humble/share/sensor_msgs/cmake)
[1.729s] -- Found nav_msgs: 4.9.2 (/opt/ros/humble/share/nav_msgs/cmake)
[1.761s] -- Found Boost: /usr/lib/x86_64-linux-gnu/cmake/Boost-1.74.0/BoostConfig.cmake (found version "1.74.0")  
[1.840s] -- Configuring done
[1.856s] -- Generating done
[1.860s] -- Build files have been written to: /workspace/build/rf2o_laser_odometry
[1.872s] Invoked command in '/workspace/build/rf2o_laser_odometry' returned '0': CMAKE_PREFIX_PATH=/workspace/install/lidar_tilt_compensator:/workspace/install/fcu_tf_bridge:/workspace/install/drone_bringup:/opt/ros/humble /usr/bin/cmake /workspace/src/rf2o_laser_odometry -DCMAKE_INSTALL_PREFIX=/workspace/install/rf2o_laser_odometry
[1.873s] Invoking command in '/workspace/build/rf2o_laser_odometry': CMAKE_PREFIX_PATH=/workspace/install/lidar_tilt_compensator:/workspace/install/fcu_tf_bridge:/workspace/install/drone_bringup:/opt/ros/humble /usr/bin/cmake --build /workspace/build/rf2o_laser_odometry -- -j16 -l16
[1.921s] [ 20%] [32mBuilding CXX object CMakeFiles/rf2o_laser_odometry_node.dir/src/CLaserOdometry2DNode.cpp.o[0m
[1.922s] [ 40%] [32mBuilding CXX object CMakeFiles/rf2o_laser_odometry_node.dir/src/CLaserOdometry2D.cpp.o[0m
[1.926s] [ 60%] [32mBuilding CXX object CMakeFiles/rf2o_laser_odometry.dir/src/CLaserOdometry2D.cpp.o[0m
[26.234s] [ 80%] [32m[1mLinking CXX static library librf2o_laser_odometry.a[0m
[26.283s] [100%] [32m[1mLinking CXX executable rf2o_laser_odometry_node[0m
[26.457s] [100%] Built target rf2o_laser_odometry
[27.727s] [100%] Built target rf2o_laser_odometry_node
[27.737s] Invoked command in '/workspace/build/rf2o_laser_odometry' returned '0': CMAKE_PREFIX_PATH=/workspace/install/lidar_tilt_compensator:/workspace/install/fcu_tf_bridge:/workspace/install/drone_bringup:/opt/ros/humble /usr/bin/cmake --build /workspace/build/rf2o_laser_odometry -- -j16 -l16
[27.748s] Invoking command in '/workspace/build/rf2o_laser_odometry': CMAKE_PREFIX_PATH=/workspace/install/lidar_tilt_compensator:/workspace/install/fcu_tf_bridge:/workspace/install/drone_bringup:/opt/ros/humble /usr/bin/cmake --install /workspace/build/rf2o_laser_odometry
[27.754s] -- Install configuration: ""
[27.754s] -- Installing: /workspace/install/rf2o_laser_odometry/lib/rf2o_laser_odometry/rf2o_laser_odometry_node
[27.762s] -- Set runtime path of "/workspace/install/rf2o_laser_odometry/lib/rf2o_laser_odometry/rf2o_laser_odometry_node" to ""
[27.762s] -- Installing: /workspace/install/rf2o_laser_odometry/share/rf2o_laser_odometry/launch
[27.762s] -- Installing: /workspace/install/rf2o_laser_odometry/share/rf2o_laser_odometry/launch/rf2o_laser_odometry.launch.py
[27.762s] -- Installing: /workspace/install/rf2o_laser_odometry/share/ament_index/resource_index/package_run_dependencies/rf2o_laser_odometry
[27.762s] -- Installing: /workspace/install/rf2o_laser_odometry/share/ament_index/resource_index/parent_prefix_path/rf2o_laser_odometry
[27.762s] -- Installing: /workspace/install/rf2o_laser_odometry/share/rf2o_laser_odometry/environment/ament_prefix_path.sh
[27.763s] -- Installing: /workspace/install/rf2o_laser_odometry/share/rf2o_laser_odometry/environment/ament_prefix_path.dsv
[27.763s] -- Installing: /workspace/install/rf2o_laser_odometry/share/rf2o_laser_odometry/environment/path.sh
[27.763s] -- Installing: /workspace/install/rf2o_laser_odometry/share/rf2o_laser_odometry/environment/path.dsv
[27.763s] -- Installing: /workspace/install/rf2o_laser_odometry/share/rf2o_laser_odometry/local_setup.bash
[27.763s] -- Installing: /workspace/install/rf2o_laser_odometry/share/rf2o_laser_odometry/local_setup.sh
[27.763s] -- Installing: /workspace/install/rf2o_laser_odometry/share/rf2o_laser_odometry/local_setup.zsh
[27.763s] -- Installing: /workspace/install/rf2o_laser_odometry/share/rf2o_laser_odometry/local_setup.dsv
[27.764s] -- Installing: /workspace/install/rf2o_laser_odometry/share/rf2o_laser_odometry/package.dsv
[27.764s] -- Installing: /workspace/install/rf2o_laser_odometry/share/ament_index/resource_index/packages/rf2o_laser_odometry
[27.764s] -- Installing: /workspace/install/rf2o_laser_odometry/share/rf2o_laser_odometry/cmake/rf2o_laser_odometryConfig.cmake
[27.764s] -- Installing: /workspace/install/rf2o_laser_odometry/share/rf2o_laser_odometry/cmake/rf2o_laser_odometryConfig-version.cmake
[27.764s] -- Installing: /workspace/install/rf2o_laser_odometry/share/rf2o_laser_odometry/package.xml
[27.766s] Invoked command in '/workspace/build/rf2o_laser_odometry' returned '0': CMAKE_PREFIX_PATH=/workspace/install/lidar_tilt_compensator:/workspace/install/fcu_tf_bridge:/workspace/install/drone_bringup:/opt/ros/humble /usr/bin/cmake --install /workspace/build/rf2o_laser_odometry
