[35m[1mConsolidate compiler generated dependencies of target ardupilot_msgs__rosidl_generator_c[0m
[  1%] Built target ardupilot_msgs__rs
[  2%] Built target ardupilot_msgs__cpp
[ 13%] Built target ardupilot_msgs__rosidl_generator_c
[ 13%] Built target ament_cmake_python_symlink_ardupilot_msgs
[35m[1mConsolidate compiler generated dependencies of target ardupilot_msgs__rosidl_typesupport_c[0m
[35m[1mConsolidate compiler generated dependencies of target ardupilot_msgs__rosidl_typesupport_cpp[0m
[35m[1mConsolidate compiler generated dependencies of target ardupilot_msgs__rosidl_typesupport_introspection_cpp[0m
[35m[1mConsolidate compiler generated dependencies of target ardupilot_msgs__rosidl_typesupport_fastrtps_c[0m
[35m[1mConsolidate compiler generated dependencies of target ardupilot_msgs__rosidl_typesupport_fastrtps_cpp[0m
[35m[1mConsolidate compiler generated dependencies of target ardupilot_msgs__rosidl_typesupport_introspection_c[0m
[ 25%] Built target ardupilot_msgs__rosidl_typesupport_c
[ 36%] Built target ardupilot_msgs__rosidl_typesupport_cpp
[ 47%] Built target ardupilot_msgs__rosidl_typesupport_fastrtps_c
[ 58%] Built target ardupilot_msgs__rosidl_typesupport_introspection_cpp
[ 72%] Built target ardupilot_msgs__rosidl_typesupport_fastrtps_cpp
[ 81%] Built target ardupilot_msgs__rosidl_typesupport_introspection_c
[ 81%] Built target ardupilot_msgs
[ 82%] Built target ardupilot_msgs__py
[35m[1mConsolidate compiler generated dependencies of target ardupilot_msgs__rosidl_generator_py[0m
[ 92%] Built target ardupilot_msgs__rosidl_generator_py
[35m[1mConsolidate compiler generated dependencies of target ardupilot_msgs__rosidl_typesupport_introspection_c__pyext[0m
[35m[1mConsolidate compiler generated dependencies of target ardupilot_msgs__rosidl_typesupport_fastrtps_c__pyext[0m
[35m[1mConsolidate compiler generated dependencies of target ardupilot_msgs__rosidl_typesupport_c__pyext[0m
[ 95%] Built target ardupilot_msgs__rosidl_typesupport_introspection_c__pyext
[ 97%] Built target ardupilot_msgs__rosidl_typesupport_c__pyext
[100%] Built target ardupilot_msgs__rosidl_typesupport_fastrtps_c__pyext
running egg_info
writing ardupilot_msgs.egg-info/PKG-INFO
writing dependency_links to ardupilot_msgs.egg-info/dependency_links.txt
writing top-level names to ardupilot_msgs.egg-info/top_level.txt
reading manifest file 'ardupilot_msgs.egg-info/SOURCES.txt'
writing manifest file 'ardupilot_msgs.egg-info/SOURCES.txt'
[100%] Built target ament_cmake_python_build_ardupilot_msgs_egg
-- Install configuration: ""
-- Execute custom install script
-- Symlinking: /workspace/install/ardupilot_msgs/share/ament_index/resource_index/rosidl_interfaces/ardupilot_msgs
-- Symlinking: /workspace/install/ardupilot_msgs/include/ardupilot_msgs/ardupilot_msgs/msg/airspeed.h
-- Symlinking: /workspace/install/ardupilot_msgs/include/ardupilot_msgs/ardupilot_msgs/msg/detail/airspeed__functions.h
-- Symlinking: /workspace/install/ardupilot_msgs/include/ardupilot_msgs/ardupilot_msgs/msg/detail/airspeed__struct.h
-- Symlinking: /workspace/install/ardupilot_msgs/include/ardupilot_msgs/ardupilot_msgs/msg/detail/airspeed__type_support.h
-- Symlinking: /workspace/install/ardupilot_msgs/include/ardupilot_msgs/ardupilot_msgs/msg/detail/global_position__functions.h
-- Symlinking: /workspace/install/ardupilot_msgs/include/ardupilot_msgs/ardupilot_msgs/msg/detail/global_position__struct.h
-- Symlinking: /workspace/install/ardupilot_msgs/include/ardupilot_msgs/ardupilot_msgs/msg/detail/global_position__type_support.h
-- Symlinking: /workspace/install/ardupilot_msgs/include/ardupilot_msgs/ardupilot_msgs/msg/detail/rc__functions.h
-- Symlinking: /workspace/install/ardupilot_msgs/include/ardupilot_msgs/ardupilot_msgs/msg/detail/rc__struct.h
-- Symlinking: /workspace/install/ardupilot_msgs/include/ardupilot_msgs/ardupilot_msgs/msg/detail/rc__type_support.h
-- Symlinking: /workspace/install/ardupilot_msgs/include/ardupilot_msgs/ardupilot_msgs/msg/detail/status__functions.h
-- Symlinking: /workspace/install/ardupilot_msgs/include/ardupilot_msgs/ardupilot_msgs/msg/detail/status__struct.h
-- Symlinking: /workspace/install/ardupilot_msgs/include/ardupilot_msgs/ardupilot_msgs/msg/detail/status__type_support.h
-- Symlinking: /workspace/install/ardupilot_msgs/include/ardupilot_msgs/ardupilot_msgs/msg/global_position.h
-- Symlinking: /workspace/install/ardupilot_msgs/include/ardupilot_msgs/ardupilot_msgs/msg/rc.h
-- Symlinking: /workspace/install/ardupilot_msgs/include/ardupilot_msgs/ardupilot_msgs/msg/rosidl_generator_c__visibility_control.h
-- Symlinking: /workspace/install/ardupilot_msgs/include/ardupilot_msgs/ardupilot_msgs/msg/status.h
-- Symlinking: /workspace/install/ardupilot_msgs/include/ardupilot_msgs/ardupilot_msgs/srv/arm_motors.h
-- Symlinking: /workspace/install/ardupilot_msgs/include/ardupilot_msgs/ardupilot_msgs/srv/detail/arm_motors__functions.h
-- Symlinking: /workspace/install/ardupilot_msgs/include/ardupilot_msgs/ardupilot_msgs/srv/detail/arm_motors__struct.h
-- Symlinking: /workspace/install/ardupilot_msgs/include/ardupilot_msgs/ardupilot_msgs/srv/detail/arm_motors__type_support.h
-- Symlinking: /workspace/install/ardupilot_msgs/include/ardupilot_msgs/ardupilot_msgs/srv/detail/mode_switch__functions.h
-- Symlinking: /workspace/install/ardupilot_msgs/include/ardupilot_msgs/ardupilot_msgs/srv/detail/mode_switch__struct.h
-- Symlinking: /workspace/install/ardupilot_msgs/include/ardupilot_msgs/ardupilot_msgs/srv/detail/mode_switch__type_support.h
-- Symlinking: /workspace/install/ardupilot_msgs/include/ardupilot_msgs/ardupilot_msgs/srv/detail/takeoff__functions.h
-- Symlinking: /workspace/install/ardupilot_msgs/include/ardupilot_msgs/ardupilot_msgs/srv/detail/takeoff__struct.h
-- Symlinking: /workspace/install/ardupilot_msgs/include/ardupilot_msgs/ardupilot_msgs/srv/detail/takeoff__type_support.h
-- Symlinking: /workspace/install/ardupilot_msgs/include/ardupilot_msgs/ardupilot_msgs/srv/mode_switch.h
-- Symlinking: /workspace/install/ardupilot_msgs/include/ardupilot_msgs/ardupilot_msgs/srv/takeoff.h
-- Symlinking: /workspace/install/ardupilot_msgs/share/ardupilot_msgs/environment/library_path.sh
-- Symlinking: /workspace/install/ardupilot_msgs/share/ardupilot_msgs/environment/library_path.dsv
-- Symlinking: /workspace/install/ardupilot_msgs/include/ardupilot_msgs/ardupilot_msgs/msg/detail/airspeed__rosidl_typesupport_fastrtps_c.h
-- Symlinking: /workspace/install/ardupilot_msgs/include/ardupilot_msgs/ardupilot_msgs/msg/detail/global_position__rosidl_typesupport_fastrtps_c.h
-- Symlinking: /workspace/install/ardupilot_msgs/include/ardupilot_msgs/ardupilot_msgs/msg/detail/rc__rosidl_typesupport_fastrtps_c.h
-- Symlinking: /workspace/install/ardupilot_msgs/include/ardupilot_msgs/ardupilot_msgs/msg/detail/status__rosidl_typesupport_fastrtps_c.h
-- Symlinking: /workspace/install/ardupilot_msgs/include/ardupilot_msgs/ardupilot_msgs/msg/rosidl_typesupport_fastrtps_c__visibility_control.h
-- Symlinking: /workspace/install/ardupilot_msgs/include/ardupilot_msgs/ardupilot_msgs/srv/detail/arm_motors__rosidl_typesupport_fastrtps_c.h
-- Symlinking: /workspace/install/ardupilot_msgs/include/ardupilot_msgs/ardupilot_msgs/srv/detail/mode_switch__rosidl_typesupport_fastrtps_c.h
-- Symlinking: /workspace/install/ardupilot_msgs/include/ardupilot_msgs/ardupilot_msgs/srv/detail/takeoff__rosidl_typesupport_fastrtps_c.h
-- Symlinking: /workspace/install/ardupilot_msgs/include/ardupilot_msgs/ardupilot_msgs/msg/airspeed.hpp
-- Symlinking: /workspace/install/ardupilot_msgs/include/ardupilot_msgs/ardupilot_msgs/msg/detail/airspeed__builder.hpp
-- Symlinking: /workspace/install/ardupilot_msgs/include/ardupilot_msgs/ardupilot_msgs/msg/detail/airspeed__struct.hpp
-- Symlinking: /workspace/install/ardupilot_msgs/include/ardupilot_msgs/ardupilot_msgs/msg/detail/airspeed__traits.hpp
-- Symlinking: /workspace/install/ardupilot_msgs/include/ardupilot_msgs/ardupilot_msgs/msg/detail/airspeed__type_support.hpp
-- Symlinking: /workspace/install/ardupilot_msgs/include/ardupilot_msgs/ardupilot_msgs/msg/detail/global_position__builder.hpp
-- Symlinking: /workspace/install/ardupilot_msgs/include/ardupilot_msgs/ardupilot_msgs/msg/detail/global_position__struct.hpp
-- Symlinking: /workspace/install/ardupilot_msgs/include/ardupilot_msgs/ardupilot_msgs/msg/detail/global_position__traits.hpp
-- Symlinking: /workspace/install/ardupilot_msgs/include/ardupilot_msgs/ardupilot_msgs/msg/detail/global_position__type_support.hpp
-- Symlinking: /workspace/install/ardupilot_msgs/include/ardupilot_msgs/ardupilot_msgs/msg/detail/rc__builder.hpp
-- Symlinking: /workspace/install/ardupilot_msgs/include/ardupilot_msgs/ardupilot_msgs/msg/detail/rc__struct.hpp
-- Symlinking: /workspace/install/ardupilot_msgs/include/ardupilot_msgs/ardupilot_msgs/msg/detail/rc__traits.hpp
-- Symlinking: /workspace/install/ardupilot_msgs/include/ardupilot_msgs/ardupilot_msgs/msg/detail/rc__type_support.hpp
-- Symlinking: /workspace/install/ardupilot_msgs/include/ardupilot_msgs/ardupilot_msgs/msg/detail/status__builder.hpp
-- Symlinking: /workspace/install/ardupilot_msgs/include/ardupilot_msgs/ardupilot_msgs/msg/detail/status__struct.hpp
-- Symlinking: /workspace/install/ardupilot_msgs/include/ardupilot_msgs/ardupilot_msgs/msg/detail/status__traits.hpp
-- Symlinking: /workspace/install/ardupilot_msgs/include/ardupilot_msgs/ardupilot_msgs/msg/detail/status__type_support.hpp
-- Symlinking: /workspace/install/ardupilot_msgs/include/ardupilot_msgs/ardupilot_msgs/msg/global_position.hpp
-- Symlinking: /workspace/install/ardupilot_msgs/include/ardupilot_msgs/ardupilot_msgs/msg/rc.hpp
-- Symlinking: /workspace/install/ardupilot_msgs/include/ardupilot_msgs/ardupilot_msgs/msg/rosidl_generator_cpp__visibility_control.hpp
-- Symlinking: /workspace/install/ardupilot_msgs/include/ardupilot_msgs/ardupilot_msgs/msg/status.hpp
-- Symlinking: /workspace/install/ardupilot_msgs/include/ardupilot_msgs/ardupilot_msgs/srv/arm_motors.hpp
-- Symlinking: /workspace/install/ardupilot_msgs/include/ardupilot_msgs/ardupilot_msgs/srv/detail/arm_motors__builder.hpp
-- Symlinking: /workspace/install/ardupilot_msgs/include/ardupilot_msgs/ardupilot_msgs/srv/detail/arm_motors__struct.hpp
-- Symlinking: /workspace/install/ardupilot_msgs/include/ardupilot_msgs/ardupilot_msgs/srv/detail/arm_motors__traits.hpp
-- Symlinking: /workspace/install/ardupilot_msgs/include/ardupilot_msgs/ardupilot_msgs/srv/detail/arm_motors__type_support.hpp
-- Symlinking: /workspace/install/ardupilot_msgs/include/ardupilot_msgs/ardupilot_msgs/srv/detail/mode_switch__builder.hpp
-- Symlinking: /workspace/install/ardupilot_msgs/include/ardupilot_msgs/ardupilot_msgs/srv/detail/mode_switch__struct.hpp
-- Symlinking: /workspace/install/ardupilot_msgs/include/ardupilot_msgs/ardupilot_msgs/srv/detail/mode_switch__traits.hpp
-- Symlinking: /workspace/install/ardupilot_msgs/include/ardupilot_msgs/ardupilot_msgs/srv/detail/mode_switch__type_support.hpp
-- Symlinking: /workspace/install/ardupilot_msgs/include/ardupilot_msgs/ardupilot_msgs/srv/detail/takeoff__builder.hpp
-- Symlinking: /workspace/install/ardupilot_msgs/include/ardupilot_msgs/ardupilot_msgs/srv/detail/takeoff__struct.hpp
-- Symlinking: /workspace/install/ardupilot_msgs/include/ardupilot_msgs/ardupilot_msgs/srv/detail/takeoff__traits.hpp
-- Symlinking: /workspace/install/ardupilot_msgs/include/ardupilot_msgs/ardupilot_msgs/srv/detail/takeoff__type_support.hpp
-- Symlinking: /workspace/install/ardupilot_msgs/include/ardupilot_msgs/ardupilot_msgs/srv/mode_switch.hpp
-- Symlinking: /workspace/install/ardupilot_msgs/include/ardupilot_msgs/ardupilot_msgs/srv/takeoff.hpp
-- Symlinking: /workspace/install/ardupilot_msgs/include/ardupilot_msgs/ardupilot_msgs/msg/detail/airspeed__rosidl_typesupport_fastrtps_cpp.hpp
-- Symlinking: /workspace/install/ardupilot_msgs/include/ardupilot_msgs/ardupilot_msgs/msg/detail/global_position__rosidl_typesupport_fastrtps_cpp.hpp
-- Symlinking: /workspace/install/ardupilot_msgs/include/ardupilot_msgs/ardupilot_msgs/msg/detail/rc__rosidl_typesupport_fastrtps_cpp.hpp
-- Symlinking: /workspace/install/ardupilot_msgs/include/ardupilot_msgs/ardupilot_msgs/msg/detail/status__rosidl_typesupport_fastrtps_cpp.hpp
-- Symlinking: /workspace/install/ardupilot_msgs/include/ardupilot_msgs/ardupilot_msgs/msg/rosidl_typesupport_fastrtps_cpp__visibility_control.h
-- Symlinking: /workspace/install/ardupilot_msgs/include/ardupilot_msgs/ardupilot_msgs/srv/detail/arm_motors__rosidl_typesupport_fastrtps_cpp.hpp
-- Symlinking: /workspace/install/ardupilot_msgs/include/ardupilot_msgs/ardupilot_msgs/srv/detail/mode_switch__rosidl_typesupport_fastrtps_cpp.hpp
-- Symlinking: /workspace/install/ardupilot_msgs/include/ardupilot_msgs/ardupilot_msgs/srv/detail/takeoff__rosidl_typesupport_fastrtps_cpp.hpp
-- Symlinking: /workspace/install/ardupilot_msgs/include/ardupilot_msgs/ardupilot_msgs/msg/detail/airspeed__rosidl_typesupport_introspection_c.h
-- Symlinking: /workspace/install/ardupilot_msgs/include/ardupilot_msgs/ardupilot_msgs/msg/detail/global_position__rosidl_typesupport_introspection_c.h
-- Symlinking: /workspace/install/ardupilot_msgs/include/ardupilot_msgs/ardupilot_msgs/msg/detail/rc__rosidl_typesupport_introspection_c.h
-- Symlinking: /workspace/install/ardupilot_msgs/include/ardupilot_msgs/ardupilot_msgs/msg/detail/status__rosidl_typesupport_introspection_c.h
-- Symlinking: /workspace/install/ardupilot_msgs/include/ardupilot_msgs/ardupilot_msgs/msg/rosidl_typesupport_introspection_c__visibility_control.h
-- Symlinking: /workspace/install/ardupilot_msgs/include/ardupilot_msgs/ardupilot_msgs/srv/detail/arm_motors__rosidl_typesupport_introspection_c.h
-- Symlinking: /workspace/install/ardupilot_msgs/include/ardupilot_msgs/ardupilot_msgs/srv/detail/mode_switch__rosidl_typesupport_introspection_c.h
-- Symlinking: /workspace/install/ardupilot_msgs/include/ardupilot_msgs/ardupilot_msgs/srv/detail/takeoff__rosidl_typesupport_introspection_c.h
-- Symlinking: /workspace/install/ardupilot_msgs/include/ardupilot_msgs/ardupilot_msgs/msg/detail/airspeed__rosidl_typesupport_introspection_cpp.hpp
-- Symlinking: /workspace/install/ardupilot_msgs/include/ardupilot_msgs/ardupilot_msgs/msg/detail/global_position__rosidl_typesupport_introspection_cpp.hpp
-- Symlinking: /workspace/install/ardupilot_msgs/include/ardupilot_msgs/ardupilot_msgs/msg/detail/rc__rosidl_typesupport_introspection_cpp.hpp
-- Symlinking: /workspace/install/ardupilot_msgs/include/ardupilot_msgs/ardupilot_msgs/msg/detail/status__rosidl_typesupport_introspection_cpp.hpp
-- Symlinking: /workspace/install/ardupilot_msgs/include/ardupilot_msgs/ardupilot_msgs/srv/detail/arm_motors__rosidl_typesupport_introspection_cpp.hpp
-- Symlinking: /workspace/install/ardupilot_msgs/include/ardupilot_msgs/ardupilot_msgs/srv/detail/mode_switch__rosidl_typesupport_introspection_cpp.hpp
-- Symlinking: /workspace/install/ardupilot_msgs/include/ardupilot_msgs/ardupilot_msgs/srv/detail/takeoff__rosidl_typesupport_introspection_cpp.hpp
-- Symlinking: /workspace/install/ardupilot_msgs/share/ardupilot_msgs/environment/pythonpath.sh
-- Symlinking: /workspace/install/ardupilot_msgs/share/ardupilot_msgs/environment/pythonpath.dsv
-- Symlinking: /workspace/install/ardupilot_msgs/local/lib/python3.10/dist-packages/ardupilot_msgs-0.0.0-py3.10.egg-info/PKG-INFO
-- Symlinking: /workspace/install/ardupilot_msgs/local/lib/python3.10/dist-packages/ardupilot_msgs-0.0.0-py3.10.egg-info/SOURCES.txt
-- Symlinking: /workspace/install/ardupilot_msgs/local/lib/python3.10/dist-packages/ardupilot_msgs-0.0.0-py3.10.egg-info/dependency_links.txt
-- Symlinking: /workspace/install/ardupilot_msgs/local/lib/python3.10/dist-packages/ardupilot_msgs-0.0.0-py3.10.egg-info/top_level.txt
-- Symlinking: /workspace/install/ardupilot_msgs/local/lib/python3.10/dist-packages/ardupilot_msgs/__init__.py
-- Symlinking: /workspace/install/ardupilot_msgs/local/lib/python3.10/dist-packages/ardupilot_msgs/_ardupilot_msgs_s.ep.rosidl_typesupport_c.c
-- Symlinking: /workspace/install/ardupilot_msgs/local/lib/python3.10/dist-packages/ardupilot_msgs/_ardupilot_msgs_s.ep.rosidl_typesupport_fastrtps_c.c
-- Symlinking: /workspace/install/ardupilot_msgs/local/lib/python3.10/dist-packages/ardupilot_msgs/_ardupilot_msgs_s.ep.rosidl_typesupport_introspection_c.c
-- Symlinking: /workspace/install/ardupilot_msgs/local/lib/python3.10/dist-packages/ardupilot_msgs/ardupilot_msgs_s__rosidl_typesupport_c.cpython-310-x86_64-linux-gnu.so
-- Symlinking: /workspace/install/ardupilot_msgs/local/lib/python3.10/dist-packages/ardupilot_msgs/ardupilot_msgs_s__rosidl_typesupport_fastrtps_c.cpython-310-x86_64-linux-gnu.so
-- Symlinking: /workspace/install/ardupilot_msgs/local/lib/python3.10/dist-packages/ardupilot_msgs/ardupilot_msgs_s__rosidl_typesupport_introspection_c.cpython-310-x86_64-linux-gnu.so
-- Symlinking: /workspace/install/ardupilot_msgs/local/lib/python3.10/dist-packages/ardupilot_msgs/libardupilot_msgs__rosidl_generator_py.so
-- Symlinking: /workspace/install/ardupilot_msgs/local/lib/python3.10/dist-packages/ardupilot_msgs/msg/__init__.py
-- Symlinking: /workspace/install/ardupilot_msgs/local/lib/python3.10/dist-packages/ardupilot_msgs/msg/_airspeed.py
-- Symlinking: /workspace/install/ardupilot_msgs/local/lib/python3.10/dist-packages/ardupilot_msgs/msg/_airspeed_s.c
-- Symlinking: /workspace/install/ardupilot_msgs/local/lib/python3.10/dist-packages/ardupilot_msgs/msg/_global_position.py
-- Symlinking: /workspace/install/ardupilot_msgs/local/lib/python3.10/dist-packages/ardupilot_msgs/msg/_global_position_s.c
-- Symlinking: /workspace/install/ardupilot_msgs/local/lib/python3.10/dist-packages/ardupilot_msgs/msg/_rc.py
-- Symlinking: /workspace/install/ardupilot_msgs/local/lib/python3.10/dist-packages/ardupilot_msgs/msg/_rc_s.c
-- Symlinking: /workspace/install/ardupilot_msgs/local/lib/python3.10/dist-packages/ardupilot_msgs/msg/_status.py
-- Symlinking: /workspace/install/ardupilot_msgs/local/lib/python3.10/dist-packages/ardupilot_msgs/msg/_status_s.c
-- Symlinking: /workspace/install/ardupilot_msgs/local/lib/python3.10/dist-packages/ardupilot_msgs/srv/__init__.py
-- Symlinking: /workspace/install/ardupilot_msgs/local/lib/python3.10/dist-packages/ardupilot_msgs/srv/_arm_motors.py
-- Symlinking: /workspace/install/ardupilot_msgs/local/lib/python3.10/dist-packages/ardupilot_msgs/srv/_arm_motors_s.c
-- Symlinking: /workspace/install/ardupilot_msgs/local/lib/python3.10/dist-packages/ardupilot_msgs/srv/_mode_switch.py
-- Symlinking: /workspace/install/ardupilot_msgs/local/lib/python3.10/dist-packages/ardupilot_msgs/srv/_mode_switch_s.c
-- Symlinking: /workspace/install/ardupilot_msgs/local/lib/python3.10/dist-packages/ardupilot_msgs/srv/_takeoff.py
-- Symlinking: /workspace/install/ardupilot_msgs/local/lib/python3.10/dist-packages/ardupilot_msgs/srv/_takeoff_s.c
-- Up-to-date symlink: /workspace/install/ardupilot_msgs/local/lib/python3.10/dist-packages/ardupilot_msgs/ardupilot_msgs_s__rosidl_typesupport_fastrtps_c.cpython-310-x86_64-linux-gnu.so
-- Up-to-date symlink: /workspace/install/ardupilot_msgs/local/lib/python3.10/dist-packages/ardupilot_msgs/ardupilot_msgs_s__rosidl_typesupport_introspection_c.cpython-310-x86_64-linux-gnu.so
-- Up-to-date symlink: /workspace/install/ardupilot_msgs/local/lib/python3.10/dist-packages/ardupilot_msgs/ardupilot_msgs_s__rosidl_typesupport_c.cpython-310-x86_64-linux-gnu.so
-- Symlinking: /workspace/install/ardupilot_msgs/share/ament_index/resource_index/rust_packages/ardupilot_msgs
-- Symlinking: /workspace/install/ardupilot_msgs/share/ardupilot_msgs/rust/Cargo.toml
-- Symlinking: /workspace/install/ardupilot_msgs/share/ardupilot_msgs/rust/build.rs
-- Symlinking: /workspace/install/ardupilot_msgs/share/ardupilot_msgs/rust/src/lib.rs
-- Symlinking: /workspace/install/ardupilot_msgs/share/ardupilot_msgs/rust/src/msg.rs
-- Symlinking: /workspace/install/ardupilot_msgs/share/ardupilot_msgs/rust/src/msg/rmw.rs
-- Symlinking: /workspace/install/ardupilot_msgs/share/ardupilot_msgs/rust/src/srv.rs
-- Symlinking: /workspace/install/ardupilot_msgs/share/ardupilot_msgs/rust/src/srv/rmw.rs
-- Symlinking: /workspace/install/ardupilot_msgs/share/ardupilot_msgs/msg/GlobalPosition.idl
-- Symlinking: /workspace/install/ardupilot_msgs/share/ardupilot_msgs/msg/Rc.idl
-- Symlinking: /workspace/install/ardupilot_msgs/share/ardupilot_msgs/msg/Status.idl
-- Symlinking: /workspace/install/ardupilot_msgs/share/ardupilot_msgs/msg/Airspeed.idl
-- Symlinking: /workspace/install/ardupilot_msgs/share/ardupilot_msgs/srv/ArmMotors.idl
-- Symlinking: /workspace/install/ardupilot_msgs/share/ardupilot_msgs/srv/ModeSwitch.idl
-- Symlinking: /workspace/install/ardupilot_msgs/share/ardupilot_msgs/srv/Takeoff.idl
-- Symlinking: /workspace/install/ardupilot_msgs/share/ardupilot_msgs/msg/GlobalPosition.msg
-- Symlinking: /workspace/install/ardupilot_msgs/share/ardupilot_msgs/msg/Rc.msg
-- Symlinking: /workspace/install/ardupilot_msgs/share/ardupilot_msgs/msg/Status.msg
-- Symlinking: /workspace/install/ardupilot_msgs/share/ardupilot_msgs/msg/Airspeed.msg
-- Symlinking: /workspace/install/ardupilot_msgs/share/ardupilot_msgs/srv/ArmMotors.srv
-- Symlinking: /workspace/install/ardupilot_msgs/share/ardupilot_msgs/srv/ArmMotors_Request.msg
-- Symlinking: /workspace/install/ardupilot_msgs/share/ardupilot_msgs/srv/ArmMotors_Response.msg
-- Symlinking: /workspace/install/ardupilot_msgs/share/ardupilot_msgs/srv/ModeSwitch.srv
-- Symlinking: /workspace/install/ardupilot_msgs/share/ardupilot_msgs/srv/ModeSwitch_Request.msg
-- Symlinking: /workspace/install/ardupilot_msgs/share/ardupilot_msgs/srv/ModeSwitch_Response.msg
-- Symlinking: /workspace/install/ardupilot_msgs/share/ardupilot_msgs/srv/Takeoff.srv
-- Symlinking: /workspace/install/ardupilot_msgs/share/ardupilot_msgs/srv/Takeoff_Request.msg
-- Symlinking: /workspace/install/ardupilot_msgs/share/ardupilot_msgs/srv/Takeoff_Response.msg
-- Symlinking: /workspace/install/ardupilot_msgs/share/ament_index/resource_index/package_run_dependencies/ardupilot_msgs
-- Symlinking: /workspace/install/ardupilot_msgs/share/ament_index/resource_index/parent_prefix_path/ardupilot_msgs
-- Symlinking: /workspace/install/ardupilot_msgs/share/ardupilot_msgs/environment/ament_prefix_path.sh
-- Symlinking: /workspace/install/ardupilot_msgs/share/ardupilot_msgs/environment/ament_prefix_path.dsv
-- Symlinking: /workspace/install/ardupilot_msgs/share/ardupilot_msgs/environment/path.sh
-- Symlinking: /workspace/install/ardupilot_msgs/share/ardupilot_msgs/environment/path.dsv
-- Symlinking: /workspace/install/ardupilot_msgs/share/ardupilot_msgs/local_setup.bash
-- Symlinking: /workspace/install/ardupilot_msgs/share/ardupilot_msgs/local_setup.sh
-- Symlinking: /workspace/install/ardupilot_msgs/share/ardupilot_msgs/local_setup.zsh
-- Symlinking: /workspace/install/ardupilot_msgs/share/ardupilot_msgs/local_setup.dsv
-- Symlinking: /workspace/install/ardupilot_msgs/share/ardupilot_msgs/package.dsv
-- Symlinking: /workspace/install/ardupilot_msgs/share/ament_index/resource_index/packages/ardupilot_msgs
-- Symlinking: /workspace/install/ardupilot_msgs/share/ardupilot_msgs/cmake/rosidl_cmake-extras.cmake
-- Symlinking: /workspace/install/ardupilot_msgs/share/ardupilot_msgs/cmake/ament_cmake_export_dependencies-extras.cmake
-- Symlinking: /workspace/install/ardupilot_msgs/share/ardupilot_msgs/cmake/ament_cmake_export_include_directories-extras.cmake
-- Symlinking: /workspace/install/ardupilot_msgs/share/ardupilot_msgs/cmake/ament_cmake_export_libraries-extras.cmake
-- Symlinking: /workspace/install/ardupilot_msgs/share/ardupilot_msgs/cmake/ament_cmake_export_targets-extras.cmake
-- Symlinking: /workspace/install/ardupilot_msgs/share/ardupilot_msgs/cmake/rosidl_cmake_export_typesupport_targets-extras.cmake
-- Symlinking: /workspace/install/ardupilot_msgs/share/ardupilot_msgs/cmake/rosidl_cmake_export_typesupport_libraries-extras.cmake
-- Symlinking: /workspace/install/ardupilot_msgs/share/ardupilot_msgs/cmake/rosidl_cmake_aggregate_target-extras.cmake
-- Symlinking: /workspace/install/ardupilot_msgs/share/ardupilot_msgs/cmake/ardupilot_msgsConfig.cmake
-- Symlinking: /workspace/install/ardupilot_msgs/share/ardupilot_msgs/cmake/ardupilot_msgsConfig-version.cmake
-- Symlinking: /workspace/install/ardupilot_msgs/share/ardupilot_msgs/package.xml
-- Installing: /workspace/install/ardupilot_msgs/lib/libardupilot_msgs__rosidl_generator_c.so
-- Set runtime path of "/workspace/install/ardupilot_msgs/lib/libardupilot_msgs__rosidl_generator_c.so" to ""
-- Installing: /workspace/install/ardupilot_msgs/lib/libardupilot_msgs__rosidl_typesupport_fastrtps_c.so
-- Set runtime path of "/workspace/install/ardupilot_msgs/lib/libardupilot_msgs__rosidl_typesupport_fastrtps_c.so" to ""
-- Installing: /workspace/install/ardupilot_msgs/lib/libardupilot_msgs__rosidl_typesupport_fastrtps_cpp.so
-- Set runtime path of "/workspace/install/ardupilot_msgs/lib/libardupilot_msgs__rosidl_typesupport_fastrtps_cpp.so" to ""
-- Installing: /workspace/install/ardupilot_msgs/lib/libardupilot_msgs__rosidl_typesupport_introspection_c.so
-- Set runtime path of "/workspace/install/ardupilot_msgs/lib/libardupilot_msgs__rosidl_typesupport_introspection_c.so" to ""
-- Installing: /workspace/install/ardupilot_msgs/lib/libardupilot_msgs__rosidl_typesupport_c.so
-- Set runtime path of "/workspace/install/ardupilot_msgs/lib/libardupilot_msgs__rosidl_typesupport_c.so" to ""
-- Installing: /workspace/install/ardupilot_msgs/lib/libardupilot_msgs__rosidl_typesupport_introspection_cpp.so
-- Set runtime path of "/workspace/install/ardupilot_msgs/lib/libardupilot_msgs__rosidl_typesupport_introspection_cpp.so" to ""
-- Installing: /workspace/install/ardupilot_msgs/lib/libardupilot_msgs__rosidl_typesupport_cpp.so
-- Set runtime path of "/workspace/install/ardupilot_msgs/lib/libardupilot_msgs__rosidl_typesupport_cpp.so" to ""
Listing '/workspace/install/ardupilot_msgs/local/lib/python3.10/dist-packages/ardupilot_msgs'...
Compiling '/workspace/install/ardupilot_msgs/local/lib/python3.10/dist-packages/ardupilot_msgs/__init__.py'...
Listing '/workspace/install/ardupilot_msgs/local/lib/python3.10/dist-packages/ardupilot_msgs/msg'...
Compiling '/workspace/install/ardupilot_msgs/local/lib/python3.10/dist-packages/ardupilot_msgs/msg/__init__.py'...
Compiling '/workspace/install/ardupilot_msgs/local/lib/python3.10/dist-packages/ardupilot_msgs/msg/_airspeed.py'...
Compiling '/workspace/install/ardupilot_msgs/local/lib/python3.10/dist-packages/ardupilot_msgs/msg/_global_position.py'...
Compiling '/workspace/install/ardupilot_msgs/local/lib/python3.10/dist-packages/ardupilot_msgs/msg/_rc.py'...
Compiling '/workspace/install/ardupilot_msgs/local/lib/python3.10/dist-packages/ardupilot_msgs/msg/_status.py'...
Listing '/workspace/install/ardupilot_msgs/local/lib/python3.10/dist-packages/ardupilot_msgs/srv'...
Compiling '/workspace/install/ardupilot_msgs/local/lib/python3.10/dist-packages/ardupilot_msgs/srv/__init__.py'...
Compiling '/workspace/install/ardupilot_msgs/local/lib/python3.10/dist-packages/ardupilot_msgs/srv/_arm_motors.py'...
Compiling '/workspace/install/ardupilot_msgs/local/lib/python3.10/dist-packages/ardupilot_msgs/srv/_mode_switch.py'...
Compiling '/workspace/install/ardupilot_msgs/local/lib/python3.10/dist-packages/ardupilot_msgs/srv/_takeoff.py'...
-- Installing: /workspace/install/ardupilot_msgs/lib/libardupilot_msgs__rosidl_generator_py.so
-- Set runtime path of "/workspace/install/ardupilot_msgs/lib/libardupilot_msgs__rosidl_generator_py.so" to ""
-- Installing: /workspace/install/ardupilot_msgs/share/ardupilot_msgs/cmake/export_ardupilot_msgs__rosidl_generator_cExport.cmake
-- Installing: /workspace/install/ardupilot_msgs/share/ardupilot_msgs/cmake/export_ardupilot_msgs__rosidl_generator_cExport-noconfig.cmake
-- Installing: /workspace/install/ardupilot_msgs/share/ardupilot_msgs/cmake/export_ardupilot_msgs__rosidl_typesupport_fastrtps_cExport.cmake
-- Installing: /workspace/install/ardupilot_msgs/share/ardupilot_msgs/cmake/export_ardupilot_msgs__rosidl_typesupport_fastrtps_cExport-noconfig.cmake
-- Installing: /workspace/install/ardupilot_msgs/share/ardupilot_msgs/cmake/export_ardupilot_msgs__rosidl_generator_cppExport.cmake
-- Installing: /workspace/install/ardupilot_msgs/share/ardupilot_msgs/cmake/export_ardupilot_msgs__rosidl_typesupport_fastrtps_cppExport.cmake
-- Installing: /workspace/install/ardupilot_msgs/share/ardupilot_msgs/cmake/export_ardupilot_msgs__rosidl_typesupport_fastrtps_cppExport-noconfig.cmake
-- Installing: /workspace/install/ardupilot_msgs/share/ardupilot_msgs/cmake/ardupilot_msgs__rosidl_typesupport_introspection_cExport.cmake
-- Installing: /workspace/install/ardupilot_msgs/share/ardupilot_msgs/cmake/ardupilot_msgs__rosidl_typesupport_introspection_cExport-noconfig.cmake
-- Installing: /workspace/install/ardupilot_msgs/share/ardupilot_msgs/cmake/ardupilot_msgs__rosidl_typesupport_cExport.cmake
-- Installing: /workspace/install/ardupilot_msgs/share/ardupilot_msgs/cmake/ardupilot_msgs__rosidl_typesupport_cExport-noconfig.cmake
-- Installing: /workspace/install/ardupilot_msgs/share/ardupilot_msgs/cmake/ardupilot_msgs__rosidl_typesupport_introspection_cppExport.cmake
-- Installing: /workspace/install/ardupilot_msgs/share/ardupilot_msgs/cmake/ardupilot_msgs__rosidl_typesupport_introspection_cppExport-noconfig.cmake
-- Installing: /workspace/install/ardupilot_msgs/share/ardupilot_msgs/cmake/ardupilot_msgs__rosidl_typesupport_cppExport.cmake
-- Installing: /workspace/install/ardupilot_msgs/share/ardupilot_msgs/cmake/ardupilot_msgs__rosidl_typesupport_cppExport-noconfig.cmake
-- Installing: /workspace/install/ardupilot_msgs/share/ardupilot_msgs/cmake/export_ardupilot_msgs__rosidl_generator_pyExport.cmake
-- Installing: /workspace/install/ardupilot_msgs/share/ardupilot_msgs/cmake/export_ardupilot_msgs__rosidl_generator_pyExport-noconfig.cmake
