[0.007s] Invoking command in '/workspace/build/rf2o_laser_odometry': CMAKE_PREFIX_PATH=${CMAKE_PREFIX_PATH}:/workspace/install/drone_bringup:/workspace/install/lidar_tilt_compensator:/workspace/install/fcu_tf_bridge:/opt/ros/humble /usr/bin/cmake --build /workspace/build/rf2o_laser_odometry -- -j16 -l16
[0.054s] [ 40%] Built target rf2o_laser_odometry
[0.055s] [100%] Built target rf2o_laser_odometry_node
[0.062s] Invoked command in '/workspace/build/rf2o_laser_odometry' returned '0': CMAKE_PREFIX_PATH=${CMAKE_PREFIX_PATH}:/workspace/install/drone_bringup:/workspace/install/lidar_tilt_compensator:/workspace/install/fcu_tf_bridge:/opt/ros/humble /usr/bin/cmake --build /workspace/build/rf2o_laser_odometry -- -j16 -l16
[0.068s] Invoking command in '/workspace/build/rf2o_laser_odometry': CMAKE_PREFIX_PATH=${CMAKE_PREFIX_PATH}:/workspace/install/drone_bringup:/workspace/install/lidar_tilt_compensator:/workspace/install/fcu_tf_bridge:/opt/ros/humble /usr/bin/cmake --install /workspace/build/rf2o_laser_odometry
[0.073s] -- Install configuration: ""
[0.073s] -- Up-to-date: /workspace/install/rf2o_laser_odometry/lib/rf2o_laser_odometry/rf2o_laser_odometry_node
[0.073s] -- Up-to-date: /workspace/install/rf2o_laser_odometry/share/rf2o_laser_odometry/launch
[0.073s] -- Up-to-date: /workspace/install/rf2o_laser_odometry/share/rf2o_laser_odometry/launch/rf2o_laser_odometry.launch.py
[0.073s] -- Up-to-date: /workspace/install/rf2o_laser_odometry/share/ament_index/resource_index/package_run_dependencies/rf2o_laser_odometry
[0.073s] -- Up-to-date: /workspace/install/rf2o_laser_odometry/share/ament_index/resource_index/parent_prefix_path/rf2o_laser_odometry
[0.073s] -- Up-to-date: /workspace/install/rf2o_laser_odometry/share/rf2o_laser_odometry/environment/ament_prefix_path.sh
[0.073s] -- Up-to-date: /workspace/install/rf2o_laser_odometry/share/rf2o_laser_odometry/environment/ament_prefix_path.dsv
[0.073s] -- Up-to-date: /workspace/install/rf2o_laser_odometry/share/rf2o_laser_odometry/environment/path.sh
[0.073s] -- Up-to-date: /workspace/install/rf2o_laser_odometry/share/rf2o_laser_odometry/environment/path.dsv
[0.073s] -- Up-to-date: /workspace/install/rf2o_laser_odometry/share/rf2o_laser_odometry/local_setup.bash
[0.073s] -- Up-to-date: /workspace/install/rf2o_laser_odometry/share/rf2o_laser_odometry/local_setup.sh
[0.073s] -- Up-to-date: /workspace/install/rf2o_laser_odometry/share/rf2o_laser_odometry/local_setup.zsh
[0.073s] -- Up-to-date: /workspace/install/rf2o_laser_odometry/share/rf2o_laser_odometry/local_setup.dsv
[0.073s] -- Installing: /workspace/install/rf2o_laser_odometry/share/rf2o_laser_odometry/package.dsv
[0.073s] -- Up-to-date: /workspace/install/rf2o_laser_odometry/share/ament_index/resource_index/packages/rf2o_laser_odometry
[0.073s] -- Up-to-date: /workspace/install/rf2o_laser_odometry/share/rf2o_laser_odometry/cmake/rf2o_laser_odometryConfig.cmake
[0.074s] -- Up-to-date: /workspace/install/rf2o_laser_odometry/share/rf2o_laser_odometry/cmake/rf2o_laser_odometryConfig-version.cmake
[0.074s] -- Up-to-date: /workspace/install/rf2o_laser_odometry/share/rf2o_laser_odometry/package.xml
[0.075s] Invoked command in '/workspace/build/rf2o_laser_odometry' returned '0': CMAKE_PREFIX_PATH=${CMAKE_PREFIX_PATH}:/workspace/install/drone_bringup:/workspace/install/lidar_tilt_compensator:/workspace/install/fcu_tf_bridge:/opt/ros/humble /usr/bin/cmake --install /workspace/build/rf2o_laser_odometry
