running egg_info
creating ../../build/lidar_tilt_compensator/lidar_tilt_compensator.egg-info
writing ../../build/lidar_tilt_compensator/lidar_tilt_compensator.egg-info/PKG-INFO
writing dependency_links to ../../build/lidar_tilt_compensator/lidar_tilt_compensator.egg-info/dependency_links.txt
writing entry points to ../../build/lidar_tilt_compensator/lidar_tilt_compensator.egg-info/entry_points.txt
writing requirements to ../../build/lidar_tilt_compensator/lidar_tilt_compensator.egg-info/requires.txt
writing top-level names to ../../build/lidar_tilt_compensator/lidar_tilt_compensator.egg-info/top_level.txt
writing manifest file '../../build/lidar_tilt_compensator/lidar_tilt_compensator.egg-info/SOURCES.txt'
reading manifest file '../../build/lidar_tilt_compensator/lidar_tilt_compensator.egg-info/SOURCES.txt'
writing manifest file '../../build/lidar_tilt_compensator/lidar_tilt_compensator.egg-info/SOURCES.txt'
running build
running build_py
creating /workspace/build/lidar_tilt_compensator/build/lib/lidar_tilt_compensator
copying lidar_tilt_compensator/__init__.py -> /workspace/build/lidar_tilt_compensator/build/lib/lidar_tilt_compensator
copying lidar_tilt_compensator/scan_to_cloud_node.py -> /workspace/build/lidar_tilt_compensator/build/lib/lidar_tilt_compensator
running install
running install_lib
creating /workspace/install/lidar_tilt_compensator/lib/python3.10/site-packages/lidar_tilt_compensator
copying /workspace/build/lidar_tilt_compensator/build/lib/lidar_tilt_compensator/__init__.py -> /workspace/install/lidar_tilt_compensator/lib/python3.10/site-packages/lidar_tilt_compensator
copying /workspace/build/lidar_tilt_compensator/build/lib/lidar_tilt_compensator/scan_to_cloud_node.py -> /workspace/install/lidar_tilt_compensator/lib/python3.10/site-packages/lidar_tilt_compensator
byte-compiling /workspace/install/lidar_tilt_compensator/lib/python3.10/site-packages/lidar_tilt_compensator/__init__.py to __init__.cpython-310.pyc
byte-compiling /workspace/install/lidar_tilt_compensator/lib/python3.10/site-packages/lidar_tilt_compensator/scan_to_cloud_node.py to scan_to_cloud_node.cpython-310.pyc
running install_data
creating /workspace/install/lidar_tilt_compensator/share/ament_index/resource_index/packages
copying resource/lidar_tilt_compensator -> /workspace/install/lidar_tilt_compensator/share/ament_index/resource_index/packages
copying package.xml -> /workspace/install/lidar_tilt_compensator/share/lidar_tilt_compensator
running install_egg_info
Copying ../../build/lidar_tilt_compensator/lidar_tilt_compensator.egg-info to /workspace/install/lidar_tilt_compensator/lib/python3.10/site-packages/lidar_tilt_compensator-0.0.0-py3.10.egg-info
running install_scripts
Installing scan_to_cloud_node script to /workspace/install/lidar_tilt_compensator/lib/lidar_tilt_compensator
writing list of installed files to '/workspace/build/lidar_tilt_compensator/install.log'
