[0.678s] Invoking command in '/workspace/src/lidar_tilt_compensator': PYTHONPATH=/workspace/build/lidar_tilt_compensator/prefix_override:/usr/lib/python3/dist-packages/colcon_core/task/python/colcon_distutils_commands:/workspace/install/lidar_tilt_compensator/lib/python3.10/site-packages:${PYTHONPATH} /usr/bin/python3 -W ignore:setup.py install is deprecated -W ignore:easy_install command is deprecated setup.py egg_info --egg-base ../../build/lidar_tilt_compensator build --build-base /workspace/build/lidar_tilt_compensator/build install --record /workspace/build/lidar_tilt_compensator/install.log --install-scripts $base/lib/lidar_tilt_compensator --single-version-externally-managed install_data
[0.867s] running egg_info
[0.878s] creating ../../build/lidar_tilt_compensator/lidar_tilt_compensator.egg-info
[0.878s] writing ../../build/lidar_tilt_compensator/lidar_tilt_compensator.egg-info/PKG-INFO
[0.878s] writing dependency_links to ../../build/lidar_tilt_compensator/lidar_tilt_compensator.egg-info/dependency_links.txt
[0.879s] writing entry points to ../../build/lidar_tilt_compensator/lidar_tilt_compensator.egg-info/entry_points.txt
[0.879s] writing requirements to ../../build/lidar_tilt_compensator/lidar_tilt_compensator.egg-info/requires.txt
[0.879s] writing top-level names to ../../build/lidar_tilt_compensator/lidar_tilt_compensator.egg-info/top_level.txt
[0.879s] writing manifest file '../../build/lidar_tilt_compensator/lidar_tilt_compensator.egg-info/SOURCES.txt'
[0.900s] reading manifest file '../../build/lidar_tilt_compensator/lidar_tilt_compensator.egg-info/SOURCES.txt'
[0.901s] writing manifest file '../../build/lidar_tilt_compensator/lidar_tilt_compensator.egg-info/SOURCES.txt'
[0.901s] running build
[0.901s] running build_py
[0.901s] creating /workspace/build/lidar_tilt_compensator/build/lib/lidar_tilt_compensator
[0.902s] copying lidar_tilt_compensator/__init__.py -> /workspace/build/lidar_tilt_compensator/build/lib/lidar_tilt_compensator
[0.902s] copying lidar_tilt_compensator/scan_to_cloud_node.py -> /workspace/build/lidar_tilt_compensator/build/lib/lidar_tilt_compensator
[0.902s] running install
[0.905s] running install_lib
[0.916s] creating /workspace/install/lidar_tilt_compensator/lib/python3.10/site-packages/lidar_tilt_compensator
[0.916s] copying /workspace/build/lidar_tilt_compensator/build/lib/lidar_tilt_compensator/__init__.py -> /workspace/install/lidar_tilt_compensator/lib/python3.10/site-packages/lidar_tilt_compensator
[0.916s] copying /workspace/build/lidar_tilt_compensator/build/lib/lidar_tilt_compensator/scan_to_cloud_node.py -> /workspace/install/lidar_tilt_compensator/lib/python3.10/site-packages/lidar_tilt_compensator
[0.917s] byte-compiling /workspace/install/lidar_tilt_compensator/lib/python3.10/site-packages/lidar_tilt_compensator/__init__.py to __init__.cpython-310.pyc
[0.917s] byte-compiling /workspace/install/lidar_tilt_compensator/lib/python3.10/site-packages/lidar_tilt_compensator/scan_to_cloud_node.py to scan_to_cloud_node.cpython-310.pyc
[0.917s] running install_data
[0.917s] creating /workspace/install/lidar_tilt_compensator/share/ament_index/resource_index/packages
[0.917s] copying resource/lidar_tilt_compensator -> /workspace/install/lidar_tilt_compensator/share/ament_index/resource_index/packages
[0.918s] copying package.xml -> /workspace/install/lidar_tilt_compensator/share/lidar_tilt_compensator
[0.918s] running install_egg_info
[0.929s] Copying ../../build/lidar_tilt_compensator/lidar_tilt_compensator.egg-info to /workspace/install/lidar_tilt_compensator/lib/python3.10/site-packages/lidar_tilt_compensator-0.0.0-py3.10.egg-info
[0.930s] running install_scripts
[0.952s] Installing scan_to_cloud_node script to /workspace/install/lidar_tilt_compensator/lib/lidar_tilt_compensator
[0.952s] writing list of installed files to '/workspace/build/lidar_tilt_compensator/install.log'
[0.997s] Invoked command in '/workspace/src/lidar_tilt_compensator' returned '0': PYTHONPATH=/workspace/build/lidar_tilt_compensator/prefix_override:/usr/lib/python3/dist-packages/colcon_core/task/python/colcon_distutils_commands:/workspace/install/lidar_tilt_compensator/lib/python3.10/site-packages:${PYTHONPATH} /usr/bin/python3 -W ignore:setup.py install is deprecated -W ignore:easy_install command is deprecated setup.py egg_info --egg-base ../../build/lidar_tilt_compensator build --build-base /workspace/build/lidar_tilt_compensator/build install --record /workspace/build/lidar_tilt_compensator/install.log --install-scripts $base/lib/lidar_tilt_compensator --single-version-externally-managed install_data
