[ 40%] Built target rf2o_laser_odometry
[100%] Built target rf2o_laser_odometry_node
-- Install configuration: ""
-- Execute custom install script
-- Up-to-date symlink: /workspace/install/rf2o_laser_odometry/lib/rf2o_laser_odometry/rf2o_laser_odometry_node
[33mCMake Warning (dev) at ament_cmake_symlink_install/ament_cmake_symlink_install.cmake:67 (file):
  Policy CMP0009 is not set: FILE GLOB_RECURSE calls should not follow
  symlinks by default.  Run "cmake --help-policy CMP0009" for policy details.
  Use the cmake_policy command to set the policy and suppress this warning.
Call Stack (most recent call first):
  ament_cmake_symlink_install/ament_cmake_symlink_install.cmake:322 (ament_cmake_symlink_install_directory)
  cmake_install.cmake:46 (include)
This warning is for project developers.  Use -Wno-dev to suppress it.
[0m
-- Symlinking: /workspace/install/rf2o_laser_odometry/share/rf2o_laser_odometry/launch/build/.built_by
-- Symlinking: /workspace/install/rf2o_laser_odometry/share/rf2o_laser_odometry/launch/build/COLCON_IGNORE
-- Symlinking: /workspace/install/rf2o_laser_odometry/share/rf2o_laser_odometry/launch/log/COLCON_IGNORE
-- Symlinking: /workspace/install/rf2o_laser_odometry/share/rf2o_laser_odometry/launch/log/build_2026-09-04_12-13-24/events.log
-- Symlinking: /workspace/install/rf2o_laser_odometry/share/rf2o_laser_odometry/launch/log/build_2026-09-04_12-13-24/logger_all.log
-- Symlinking: /workspace/install/rf2o_laser_odometry/share/rf2o_laser_odometry/launch/log/latest/events.log
-- Symlinking: /workspace/install/rf2o_laser_odometry/share/rf2o_laser_odometry/launch/log/latest/logger_all.log
-- Symlinking: /workspace/install/rf2o_laser_odometry/share/rf2o_laser_odometry/launch/log/latest_build/events.log
-- Symlinking: /workspace/install/rf2o_laser_odometry/share/rf2o_laser_odometry/launch/log/latest_build/logger_all.log
-- Up-to-date symlink: /workspace/install/rf2o_laser_odometry/share/rf2o_laser_odometry/launch/rf2o_laser_odometry.launch.py
-- Up-to-date symlink: /workspace/install/rf2o_laser_odometry/share/ament_index/resource_index/package_run_dependencies/rf2o_laser_odometry
-- Up-to-date symlink: /workspace/install/rf2o_laser_odometry/share/ament_index/resource_index/parent_prefix_path/rf2o_laser_odometry
-- Up-to-date symlink: /workspace/install/rf2o_laser_odometry/share/rf2o_laser_odometry/environment/ament_prefix_path.sh
-- Up-to-date symlink: /workspace/install/rf2o_laser_odometry/share/rf2o_laser_odometry/environment/ament_prefix_path.dsv
-- Up-to-date symlink: /workspace/install/rf2o_laser_odometry/share/rf2o_laser_odometry/environment/path.sh
-- Up-to-date symlink: /workspace/install/rf2o_laser_odometry/share/rf2o_laser_odometry/environment/path.dsv
-- Up-to-date symlink: /workspace/install/rf2o_laser_odometry/share/rf2o_laser_odometry/local_setup.bash
-- Up-to-date symlink: /workspace/install/rf2o_laser_odometry/share/rf2o_laser_odometry/local_setup.sh
-- Up-to-date symlink: /workspace/install/rf2o_laser_odometry/share/rf2o_laser_odometry/local_setup.zsh
-- Up-to-date symlink: /workspace/install/rf2o_laser_odometry/share/rf2o_laser_odometry/local_setup.dsv
-- Symlinking: /workspace/install/rf2o_laser_odometry/share/rf2o_laser_odometry/package.dsv
-- Up-to-date symlink: /workspace/install/rf2o_laser_odometry/share/ament_index/resource_index/packages/rf2o_laser_odometry
-- Up-to-date symlink: /workspace/install/rf2o_laser_odometry/share/rf2o_laser_odometry/cmake/rf2o_laser_odometryConfig.cmake
-- Up-to-date symlink: /workspace/install/rf2o_laser_odometry/share/rf2o_laser_odometry/cmake/rf2o_laser_odometryConfig-version.cmake
-- Up-to-date symlink: /workspace/install/rf2o_laser_odometry/share/rf2o_laser_odometry/package.xml
