[0.560s] Invoking command in '/workspace/src/drone_bringup': PYTHONPATH=/workspace/build/drone_bringup/prefix_override:/usr/lib/python3/dist-packages/colcon_core/task/python/colcon_distutils_commands:/workspace/install/drone_bringup/lib/python3.10/site-packages:${PYTHONPATH} /usr/bin/python3 -W ignore:setup.py install is deprecated -W ignore:easy_install command is deprecated setup.py egg_info --egg-base ../../build/drone_bringup build --build-base /workspace/build/drone_bringup/build install --record /workspace/build/drone_bringup/install.log --install-scripts $base/lib/drone_bringup --single-version-externally-managed install_data
[0.775s] running egg_info
[0.785s] writing ../../build/drone_bringup/drone_bringup.egg-info/PKG-INFO
[0.785s] writing dependency_links to ../../build/drone_bringup/drone_bringup.egg-info/dependency_links.txt
[0.786s] writing entry points to ../../build/drone_bringup/drone_bringup.egg-info/entry_points.txt
[0.786s] writing requirements to ../../build/drone_bringup/drone_bringup.egg-info/requires.txt
[0.786s] writing top-level names to ../../build/drone_bringup/drone_bringup.egg-info/top_level.txt
[0.808s] reading manifest file '../../build/drone_bringup/drone_bringup.egg-info/SOURCES.txt'
[0.809s] writing manifest file '../../build/drone_bringup/drone_bringup.egg-info/SOURCES.txt'
[0.809s] running build
[0.809s] running build_py
[0.810s] copying drone_bringup/rangefinder_to_mavros.py -> /workspace/build/drone_bringup/build/lib/drone_bringup
[0.810s] copying drone_bringup/rf2o_mavros.py -> /workspace/build/drone_bringup/build/lib/drone_bringup
[0.810s] running install
[0.814s] running install_lib
[0.823s] copying /workspace/build/drone_bringup/build/lib/drone_bringup/rangefinder_to_mavros.py -> /workspace/install/drone_bringup/lib/python3.10/site-packages/drone_bringup
[0.823s] copying /workspace/build/drone_bringup/build/lib/drone_bringup/rf2o_mavros.py -> /workspace/install/drone_bringup/lib/python3.10/site-packages/drone_bringup
[0.823s] byte-compiling /workspace/install/drone_bringup/lib/python3.10/site-packages/drone_bringup/rangefinder_to_mavros.py to rangefinder_to_mavros.cpython-310.pyc
[0.824s] byte-compiling /workspace/install/drone_bringup/lib/python3.10/site-packages/drone_bringup/rf2o_mavros.py to rf2o_mavros.cpython-310.pyc
[0.825s] running install_data
[0.825s] running install_egg_info
[0.837s] removing '/workspace/install/drone_bringup/lib/python3.10/site-packages/drone_bringup-0.0.0-py3.10.egg-info' (and everything under it)
[0.837s] Copying ../../build/drone_bringup/drone_bringup.egg-info to /workspace/install/drone_bringup/lib/python3.10/site-packages/drone_bringup-0.0.0-py3.10.egg-info
[0.837s] running install_scripts
[0.860s] Installing rangefinder_to_mavros script to /workspace/install/drone_bringup/lib/drone_bringup
[0.860s] Installing rf2o_mavros script to /workspace/install/drone_bringup/lib/drone_bringup
[0.861s] writing list of installed files to '/workspace/build/drone_bringup/install.log'
[0.885s] Invoked command in '/workspace/src/drone_bringup' returned '0': PYTHONPATH=/workspace/build/drone_bringup/prefix_override:/usr/lib/python3/dist-packages/colcon_core/task/python/colcon_distutils_commands:/workspace/install/drone_bringup/lib/python3.10/site-packages:${PYTHONPATH} /usr/bin/python3 -W ignore:setup.py install is deprecated -W ignore:easy_install command is deprecated setup.py egg_info --egg-base ../../build/drone_bringup build --build-base /workspace/build/drone_bringup/build install --record /workspace/build/drone_bringup/install.log --install-scripts $base/lib/drone_bringup --single-version-externally-managed install_data
