running egg_info
writing ../../build/lidar_tilt_compensator/lidar_tilt_compensator.egg-info/PKG-INFO
writing dependency_links to ../../build/lidar_tilt_compensator/lidar_tilt_compensator.egg-info/dependency_links.txt
writing entry points to ../../build/lidar_tilt_compensator/lidar_tilt_compensator.egg-info/entry_points.txt
writing requirements to ../../build/lidar_tilt_compensator/lidar_tilt_compensator.egg-info/requires.txt
writing top-level names to ../../build/lidar_tilt_compensator/lidar_tilt_compensator.egg-info/top_level.txt
reading manifest file '../../build/lidar_tilt_compensator/lidar_tilt_compensator.egg-info/SOURCES.txt'
writing manifest file '../../build/lidar_tilt_compensator/lidar_tilt_compensator.egg-info/SOURCES.txt'
running build
running build_py
running install
running install_lib
running install_data
creating /workspace/install/lidar_tilt_compensator/share/lidar_tilt_compensator/launch
running install_egg_info
removing '/workspace/install/lidar_tilt_compensator/lib/python3.10/site-packages/lidar_tilt_compensator-0.0.0-py3.10.egg-info' (and everything under it)
Copying ../../build/lidar_tilt_compensator/lidar_tilt_compensator.egg-info to /workspace/install/lidar_tilt_compensator/lib/python3.10/site-packages/lidar_tilt_compensator-0.0.0-py3.10.egg-info
running install_scripts
Installing scan_to_cloud_node script to /workspace/install/lidar_tilt_compensator/lib/lidar_tilt_compensator
writing list of installed files to '/workspace/build/lidar_tilt_compensator/install.log'
