[0.710s] Invoking command in '/workspace/src/drone_bringup': PYTHONPATH=/workspace/build/drone_bringup/prefix_override:/usr/lib/python3/dist-packages/colcon_core/task/python/colcon_distutils_commands:/workspace/install/drone_bringup/lib/python3.10/site-packages:${PYTHONPATH} /usr/bin/python3 -W ignore:setup.py install is deprecated -W ignore:easy_install command is deprecated setup.py egg_info --egg-base ../../build/drone_bringup build --build-base /workspace/build/drone_bringup/build install --record /workspace/build/drone_bringup/install.log --install-scripts $base/lib/drone_bringup --single-version-externally-managed install_data
[0.901s] running egg_info
[0.910s] writing ../../build/drone_bringup/drone_bringup.egg-info/PKG-INFO
[0.911s] writing dependency_links to ../../build/drone_bringup/drone_bringup.egg-info/dependency_links.txt
[0.911s] writing entry points to ../../build/drone_bringup/drone_bringup.egg-info/entry_points.txt
[0.911s] writing requirements to ../../build/drone_bringup/drone_bringup.egg-info/requires.txt
[0.911s] writing top-level names to ../../build/drone_bringup/drone_bringup.egg-info/top_level.txt
[0.931s] reading manifest file '../../build/drone_bringup/drone_bringup.egg-info/SOURCES.txt'
[0.933s] writing manifest file '../../build/drone_bringup/drone_bringup.egg-info/SOURCES.txt'
[0.933s] running build
[0.933s] running build_py
[0.933s] copying drone_bringup/rangefinder_converter.py -> /workspace/build/drone_bringup/build/lib/drone_bringup
[0.934s] running install
[0.937s] running install_lib
[0.946s] copying /workspace/build/drone_bringup/build/lib/drone_bringup/rangefinder_converter.py -> /workspace/install/drone_bringup/lib/python3.10/site-packages/drone_bringup
[0.946s] byte-compiling /workspace/install/drone_bringup/lib/python3.10/site-packages/drone_bringup/rangefinder_converter.py to rangefinder_converter.cpython-310.pyc
[0.947s] running install_data
[0.948s] running install_egg_info
[0.960s] removing '/workspace/install/drone_bringup/lib/python3.10/site-packages/drone_bringup-0.0.0-py3.10.egg-info' (and everything under it)
[0.960s] Copying ../../build/drone_bringup/drone_bringup.egg-info to /workspace/install/drone_bringup/lib/python3.10/site-packages/drone_bringup-0.0.0-py3.10.egg-info
[0.961s] running install_scripts
[0.980s] Installing rangefinder_converter script to /workspace/install/drone_bringup/lib/drone_bringup
[0.981s] writing list of installed files to '/workspace/build/drone_bringup/install.log'
[1.013s] Invoked command in '/workspace/src/drone_bringup' returned '0': PYTHONPATH=/workspace/build/drone_bringup/prefix_override:/usr/lib/python3/dist-packages/colcon_core/task/python/colcon_distutils_commands:/workspace/install/drone_bringup/lib/python3.10/site-packages:${PYTHONPATH} /usr/bin/python3 -W ignore:setup.py install is deprecated -W ignore:easy_install command is deprecated setup.py egg_info --egg-base ../../build/drone_bringup build --build-base /workspace/build/drone_bringup/build install --record /workspace/build/drone_bringup/install.log --install-scripts $base/lib/drone_bringup --single-version-externally-managed install_data
